../Core/Src/lcd.c:11:6:Delay	16	static
../Core/Src/lcd.c:13:6:LCD_INIT	16	static
../Core/Src/lcd.c:23:6:LCD_Rst	8	static
../Core/Src/lcd.c:32:6:LCD_BackLed_Control	16	static
../Core/Src/lcd.c:43:6:LCD_Write_Cmd	16	static
../Core/Src/lcd.c:51:6:LCD_Write_Data	16	static
../Core/Src/lcd.c:59:10:LCD_Read_Data	4	static
../Core/Src/lcd.c:65:6:LCD_REG_Config	8	static
../Core/Src/lcd.c:229:6:LCD_OpenWindow	24	static
../Core/Src/lcd.c:246:6:LCD_FillColor	24	static
../Core/Src/lcd.c:261:6:LCD_Clear	24	static
../Core/Src/lcd.c:270:10:LCD_Read_PixelData	16	static
../Core/Src/lcd.c:290:10:LCD_GetPointPixel	24	static
../Core/Src/lcd.c:304:6:LCD_DrawLine	64	static
../Core/Src/lcd.c:376:6:LCD_DrawChar	24	static
../Core/Src/lcd.c:410:6:LCD_DrawString	16	static
../Core/Src/lcd.c:438:6:LCD_DrawDot	16	static
../Core/Src/lcd.c:450:6:LCD_DrawEllipse	48	static
../Core/Src/lcd.c:476:6:LCD_DisplayInterface	16	static
../Core/Src/lcd.c:490:6:LCD_Display0	24	static
../Core/Src/lcd.c:500:6:LCD_Display1	24	static
../Core/Src/lcd.c:510:6:LCD_Display2	24	static
../Core/Src/lcd.c:520:6:LCD_Display3	24	static
../Core/Src/lcd.c:530:6:LCD_Display4	24	static
../Core/Src/lcd.c:540:6:LCD_Display5	24	static
../Core/Src/lcd.c:550:6:LCD_Display6	24	static
../Core/Src/lcd.c:560:6:LCD_Display7	24	static
../Core/Src/lcd.c:570:6:LCD_Display8	24	static
../Core/Src/lcd.c:580:6:LCD_Display9	24	static
../Core/Src/lcd.c:590:6:LCD_DisplayNum	24	static
../Core/Src/lcd.c:658:6:LCD_DrawChar_Color	32	static
../Core/Src/lcd.c:688:6:LCD_DrawCross	24	static
../Core/Src/lcd.c:695:6:LCD_DrawString_Color	40	static
