../Core/Src/main.c:76:6:led_blink	8	static
../Core/Src/main.c:91:6:stepper_up	8	static
../Core/Src/main.c:98:6:stepper_stop	4	static
../Core/Src/main.c:106:6:fan	8	static
../Core/Src/main.c:141:5:take_photo	32	static
../Core/Src/main.c:204:5:main	64	static
../Core/Src/main.c:452:6:SystemClock_Config	72	static
../Core/Src/main.c:493:13:MX_TIM1_Init	32	static
../Core/Src/main.c:539:13:MX_TIM3_Init	64	static
../Core/Src/main.c:602:13:MX_TIM4_Init	64	static
../Core/Src/main.c:661:13:MX_USART1_UART_Init	8	static
../Core/Src/main.c:694:13:MX_GPIO_Init	48	static
../Core/Src/main.c:857:13:MX_FSMC_Init	40	static
../Core/Src/main.c:914:5:step_counter	4	static
../Core/Src/main.c:923:6:Error_Handler	4	static,ignoring_inline_asm
