../Core/Src/main.c:65:6:led_blink	8	static
../Core/Src/main.c:80:6:stepper_up	8	static
../Core/Src/main.c:87:6:stepper_stop	4	static
../Core/Src/main.c:97:5:main	136	static
../Core/Src/main.c:293:6:SystemClock_Config	72	static
../Core/Src/main.c:334:13:MX_I2C2_Init	8	static
../Core/Src/main.c:368:13:MX_TIM3_Init	64	static
../Core/Src/main.c:431:13:MX_GPIO_Init	48	static
../Core/Src/main.c:518:13:MX_FSMC_Init	40	static
../Core/Src/main.c:575:5:step_counter	4	static
../Core/Src/main.c:584:6:Error_Handler	4	static,ignoring_inline_asm
