../Core/Src/stm32f1xx_hal_msp.c:65:6:HAL_MspInit	24	static
../Core/Src/stm32f1xx_hal_msp.c:91:6:HAL_TIM_Base_MspInit	32	static
../Core/Src/stm32f1xx_hal_msp.c:129:6:HAL_TIM_MspPostInit	40	static
../Core/Src/stm32f1xx_hal_msp.c:178:6:HAL_TIM_Base_MspDeInit	16	static
../Core/Src/stm32f1xx_hal_msp.c:222:6:HAL_UART_MspInit	40	static
../Core/Src/stm32f1xx_hal_msp.c:261:6:HAL_UART_MspDeInit	16	static
../Core/Src/stm32f1xx_hal_msp.c:286:13:HAL_FSMC_MspInit	32	static
../Core/Src/stm32f1xx_hal_msp.c:340:6:HAL_SRAM_MspInit	16	static
../Core/Src/stm32f1xx_hal_msp.c:352:13:HAL_FSMC_MspDeInit	8	static
../Core/Src/stm32f1xx_hal_msp.c:398:6:HAL_SRAM_MspDeInit	16	static
