Archive member included to satisfy reference by file (symbol)

d:/ust_courses/year_3_23-24_-_fall_sem/elec3300/stm32cubeide_1.9.0/stm32cubeide/plugins/com.st.stm32cube.ide.mcu.externaltools.gnu-tools-for-stm32.10.3-2021.10.win32_1.0.0.202111181127/tools/bin/../lib/gcc/arm-none-eabi/10.3.1/../../../../arm-none-eabi/lib/thumb/v7-m/nofp\libc_nano.a(lib_a-errno.o)
                              ./Core/Src/syscalls.o (__errno)
d:/ust_courses/year_3_23-24_-_fall_sem/elec3300/stm32cubeide_1.9.0/stm32cubeide/plugins/com.st.stm32cube.ide.mcu.externaltools.gnu-tools-for-stm32.10.3-2021.10.win32_1.0.0.202111181127/tools/bin/../lib/gcc/arm-none-eabi/10.3.1/../../../../arm-none-eabi/lib/thumb/v7-m/nofp\libc_nano.a(lib_a-exit.o)
                              d:/ust_courses/year_3_23-24_-_fall_sem/elec3300/stm32cubeide_1.9.0/stm32cubeide/plugins/com.st.stm32cube.ide.mcu.externaltools.gnu-tools-for-stm32.10.3-2021.10.win32_1.0.0.202111181127/tools/bin/../lib/gcc/arm-none-eabi/10.3.1/../../../../arm-none-eabi/lib/thumb/v7-m/nofp/crt0.o (exit)
d:/ust_courses/year_3_23-24_-_fall_sem/elec3300/stm32cubeide_1.9.0/stm32cubeide/plugins/com.st.stm32cube.ide.mcu.externaltools.gnu-tools-for-stm32.10.3-2021.10.win32_1.0.0.202111181127/tools/bin/../lib/gcc/arm-none-eabi/10.3.1/../../../../arm-none-eabi/lib/thumb/v7-m/nofp\libc_nano.a(lib_a-impure.o)
                              d:/ust_courses/year_3_23-24_-_fall_sem/elec3300/stm32cubeide_1.9.0/stm32cubeide/plugins/com.st.stm32cube.ide.mcu.externaltools.gnu-tools-for-stm32.10.3-2021.10.win32_1.0.0.202111181127/tools/bin/../lib/gcc/arm-none-eabi/10.3.1/../../../../arm-none-eabi/lib/thumb/v7-m/nofp\libc_nano.a(lib_a-exit.o) (_global_impure_ptr)
d:/ust_courses/year_3_23-24_-_fall_sem/elec3300/stm32cubeide_1.9.0/stm32cubeide/plugins/com.st.stm32cube.ide.mcu.externaltools.gnu-tools-for-stm32.10.3-2021.10.win32_1.0.0.202111181127/tools/bin/../lib/gcc/arm-none-eabi/10.3.1/../../../../arm-none-eabi/lib/thumb/v7-m/nofp\libc_nano.a(lib_a-init.o)
                              d:/ust_courses/year_3_23-24_-_fall_sem/elec3300/stm32cubeide_1.9.0/stm32cubeide/plugins/com.st.stm32cube.ide.mcu.externaltools.gnu-tools-for-stm32.10.3-2021.10.win32_1.0.0.202111181127/tools/bin/../lib/gcc/arm-none-eabi/10.3.1/../../../../arm-none-eabi/lib/thumb/v7-m/nofp/crt0.o (__libc_init_array)
d:/ust_courses/year_3_23-24_-_fall_sem/elec3300/stm32cubeide_1.9.0/stm32cubeide/plugins/com.st.stm32cube.ide.mcu.externaltools.gnu-tools-for-stm32.10.3-2021.10.win32_1.0.0.202111181127/tools/bin/../lib/gcc/arm-none-eabi/10.3.1/../../../../arm-none-eabi/lib/thumb/v7-m/nofp\libc_nano.a(lib_a-memset.o)
                              d:/ust_courses/year_3_23-24_-_fall_sem/elec3300/stm32cubeide_1.9.0/stm32cubeide/plugins/com.st.stm32cube.ide.mcu.externaltools.gnu-tools-for-stm32.10.3-2021.10.win32_1.0.0.202111181127/tools/bin/../lib/gcc/arm-none-eabi/10.3.1/../../../../arm-none-eabi/lib/thumb/v7-m/nofp/crt0.o (memset)
d:/ust_courses/year_3_23-24_-_fall_sem/elec3300/stm32cubeide_1.9.0/stm32cubeide/plugins/com.st.stm32cube.ide.mcu.externaltools.gnu-tools-for-stm32.10.3-2021.10.win32_1.0.0.202111181127/tools/bin/../lib/gcc/arm-none-eabi/10.3.1/../../../../arm-none-eabi/lib/thumb/v7-m/nofp\libc_nano.a(lib_a-sscanf.o)
                              ./Core/Src/main.o (sscanf)
d:/ust_courses/year_3_23-24_-_fall_sem/elec3300/stm32cubeide_1.9.0/stm32cubeide/plugins/com.st.stm32cube.ide.mcu.externaltools.gnu-tools-for-stm32.10.3-2021.10.win32_1.0.0.202111181127/tools/bin/../lib/gcc/arm-none-eabi/10.3.1/../../../../arm-none-eabi/lib/thumb/v7-m/nofp\libc_nano.a(lib_a-stdio.o)
                              d:/ust_courses/year_3_23-24_-_fall_sem/elec3300/stm32cubeide_1.9.0/stm32cubeide/plugins/com.st.stm32cube.ide.mcu.externaltools.gnu-tools-for-stm32.10.3-2021.10.win32_1.0.0.202111181127/tools/bin/../lib/gcc/arm-none-eabi/10.3.1/../../../../arm-none-eabi/lib/thumb/v7-m/nofp\libc_nano.a(lib_a-sscanf.o) (__seofread)
d:/ust_courses/year_3_23-24_-_fall_sem/elec3300/stm32cubeide_1.9.0/stm32cubeide/plugins/com.st.stm32cube.ide.mcu.externaltools.gnu-tools-for-stm32.10.3-2021.10.win32_1.0.0.202111181127/tools/bin/../lib/gcc/arm-none-eabi/10.3.1/../../../../arm-none-eabi/lib/thumb/v7-m/nofp\libc_nano.a(lib_a-strlen.o)
                              d:/ust_courses/year_3_23-24_-_fall_sem/elec3300/stm32cubeide_1.9.0/stm32cubeide/plugins/com.st.stm32cube.ide.mcu.externaltools.gnu-tools-for-stm32.10.3-2021.10.win32_1.0.0.202111181127/tools/bin/../lib/gcc/arm-none-eabi/10.3.1/../../../../arm-none-eabi/lib/thumb/v7-m/nofp\libc_nano.a(lib_a-sscanf.o) (strlen)
d:/ust_courses/year_3_23-24_-_fall_sem/elec3300/stm32cubeide_1.9.0/stm32cubeide/plugins/com.st.stm32cube.ide.mcu.externaltools.gnu-tools-for-stm32.10.3-2021.10.win32_1.0.0.202111181127/tools/bin/../lib/gcc/arm-none-eabi/10.3.1/../../../../arm-none-eabi/lib/thumb/v7-m/nofp\libc_nano.a(lib_a-writer.o)
[...]
Memory Configuration

Name             Origin             Length             Attributes
RAM              0x0000000020000000 0x0000000000010000 xrw
FLASH            0x0000000008000000 0x0000000000080000 xr
*default*        0x0000000000000000 0xffffffffffffffff

Linker script and memory map

LOAD d:/ust_courses/year_3_23-24_-_fall_sem/elec3300/stm32cubeide_1.9.0/stm32cubeide/plugins/com.st.stm32cube.ide.mcu.externaltools.gnu-tools-for-stm32.10.3-2021.10.win32_1.0.0.202111181127/tools/bin/../lib/gcc/arm-none-eabi/10.3.1/thumb/v7-m/nofp/crti.o
LOAD d:/ust_courses/year_3_23-24_-_fall_sem/elec3300/stm32cubeide_1.9.0/stm32cubeide/plugins/com.st.stm32cube.ide.mcu.externaltools.gnu-tools-for-stm32.10.3-2021.10.win32_1.0.0.202111181127/tools/bin/../lib/gcc/arm-none-eabi/10.3.1/thumb/v7-m/nofp/crtbegin.o
LOAD d:/ust_courses/year_3_23-24_-_fall_sem/elec3300/stm32cubeide_1.9.0/stm32cubeide/plugins/com.st.stm32cube.ide.mcu.externaltools.gnu-tools-for-stm32.10.3-2021.10.win32_1.0.0.202111181127/tools/bin/../lib/gcc/arm-none-eabi/10.3.1/../../../../arm-none-eabi/lib/thumb/v7-m/nofp/crt0.o
LOAD ./Core/Src/bsp_ov7725.o
LOAD ./Core/Src/bsp_sccb.o
LOAD ./Core/Src/lcd.o
LOAD ./Core/Src/main.o
LOAD ./Core/Src/stm32f1xx_hal_msp.o
LOAD ./Core/Src/stm32f1xx_it.o
LOAD ./Core/Src/syscalls.o
LOAD ./Core/Src/sysmem.o
LOAD ./Core/Src/system_stm32f1xx.o
LOAD ./Core/Src/xpt2046.o
LOAD ./Core/Startup/startup_stm32f103vetx.o
LOAD ./Drivers/STM32F1xx_HAL_Driver/Src/stm32f1xx_hal.o
LOAD ./Drivers/STM32F1xx_HAL_Driver/Src/stm32f1xx_hal_cortex.o
LOAD ./Drivers/STM32F1xx_HAL_Driver/Src/stm32f1xx_hal_dma.o
LOAD ./Drivers/STM32F1xx_HAL_Driver/Src/stm32f1xx_hal_exti.o
LOAD ./Drivers/STM32F1xx_HAL_Driver/Src/stm32f1xx_hal_flash.o
LOAD ./Drivers/STM32F1xx_HAL_Driver/Src/stm32f1xx_hal_flash_ex.o
LOAD ./Drivers/STM32F1xx_HAL_Driver/Src/stm32f1xx_hal_gpio.o
LOAD ./Drivers/STM32F1xx_HAL_Driver/Src/stm32f1xx_hal_gpio_ex.o
LOAD ./Drivers/STM32F1xx_HAL_Driver/Src/stm32f1xx_hal_pwr.o
LOAD ./Drivers/STM32F1xx_HAL_Driver/Src/stm32f1xx_hal_rcc.o
LOAD ./Drivers/STM32F1xx_HAL_Driver/Src/stm32f1xx_hal_rcc_ex.o
LOAD ./Drivers/STM32F1xx_HAL_Driver/Src/stm32f1xx_hal_sram.o
LOAD ./Drivers/STM32F1xx_HAL_Driver/Src/stm32f1xx_hal_tim.o
LOAD ./Drivers/STM32F1xx_HAL_Driver/Src/stm32f1xx_hal_tim_ex.o
LOAD ./Drivers/STM32F1xx_HAL_Driver/Src/stm32f1xx_hal_uart.o
LOAD ./Drivers/STM32F1xx_HAL_Driver/Src/stm32f1xx_ll_fsmc.o
START GROUP
LOAD d:/ust_courses/year_3_23-24_-_fall_sem/elec3300/stm32cubeide_1.9.0/stm32cubeide/plugins/com.st.stm32cube.ide.mcu.externaltools.gnu-tools-for-stm32.10.3-2021.10.win32_1.0.0.202111181127/tools/bin/../lib/gcc/arm-none-eabi/10.3.1/../../../../arm-none-eabi/lib/thumb/v7-m/nofp\libc_nano.a
LOAD d:/ust_courses/year_3_23-24_-_fall_sem/elec3300/stm32cubeide_1.9.0/stm32cubeide/plugins/com.st.stm32cube.ide.mcu.externaltools.gnu-tools-for-stm32.10.3-2021.10.win32_1.0.0.202111181127/tools/bin/../lib/gcc/arm-none-eabi/10.3.1/../../../../arm-none-eabi/lib/thumb/v7-m/nofp\libm.a
END GROUP
START GROUP
LOAD d:/ust_courses/year_3_23-24_-_fall_sem/elec3300/stm32cubeide_1.9.0/stm32cubeide/plugins/com.st.stm32cube.ide.mcu.externaltools.gnu-tools-for-stm32.10.3-2021.10.win32_1.0.0.202111181127/tools/bin/../lib/gcc/arm-none-eabi/10.3.1/thumb/v7-m/nofp\libgcc.a
LOAD d:/ust_courses/year_3_23-24_-_fall_sem/elec3300/stm32cubeide_1.9.0/stm32cubeide/plugins/com.st.stm32cube.ide.mcu.externaltools.gnu-tools-for-stm32.10.3-2021.10.win32_1.0.0.202111181127/tools/bin/../lib/gcc/arm-none-eabi/10.3.1/../../../../arm-none-eabi/lib/thumb/v7-m/nofp\libc_nano.a
END GROUP
START GROUP
LOAD d:/ust_courses/year_3_23-24_-_fall_sem/elec3300/stm32cubeide_1.9.0/stm32cubeide/plugins/com.st.stm32cube.ide.mcu.externaltools.gnu-tools-for-stm32.10.3-2021.10.win32_1.0.0.202111181127/tools/bin/../lib/gcc/arm-none-eabi/10.3.1/thumb/v7-m/nofp\libgcc.a
LOAD d:/ust_courses/year_3_23-24_-_fall_sem/elec3300/stm32cubeide_1.9.0/stm32cubeide/plugins/com.st.stm32cube.ide.mcu.externaltools.gnu-tools-for-stm32.10.3-2021.10.win32_1.0.0.202111181127/tools/bin/../lib/gcc/arm-none-eabi/10.3.1/../../../../arm-none-eabi/lib/thumb/v7-m/nofp\libc_nano.a
LOAD d:/ust_courses/year_3_23-24_-_fall_sem/elec3300/stm32cubeide_1.9.0/stm32cubeide/plugins/com.st.stm32cube.ide.mcu.externaltools.gnu-tools-for-stm32.10.3-2021.10.win32_1.0.0.202111181127/tools/bin/../lib/gcc/arm-none-eabi/10.3.1/../../../../arm-none-eabi/lib/thumb/v7-m/nofp\libnosys.a
END GROUP
START GROUP
LOAD d:/ust_courses/year_3_23-24_-_fall_sem/elec3300/stm32cubeide_1.9.0/stm32cubeide/plugins/com.st.stm32cube.ide.mcu.externaltools.gnu-tools-for-stm32.10.3-2021.10.win32_1.0.0.202111181127/tools/bin/../lib/gcc/arm-none-eabi/10.3.1/thumb/v7-m/nofp\libgcc.a
LOAD d:/ust_courses/year_3_23-24_-_fall_sem/elec3300/stm32cubeide_1.9.0/stm32cubeide/plugins/com.st.stm32cube.ide.mcu.externaltools.gnu-tools-for-stm32.10.3-2021.10.win32_1.0.0.202111181127/tools/bin/../lib/gcc/arm-none-eabi/10.3.1/../../../../arm-none-eabi/lib/thumb/v7-m/nofp\libc_nano.a
LOAD d:/ust_courses/year_3_23-24_-_fall_sem/elec3300/stm32cubeide_1.9.0/stm32cubeide/plugins/com.st.stm32cube.ide.mcu.externaltools.gnu-tools-for-stm32.10.3-2021.10.win32_1.0.0.202111181127/tools/bin/../lib/gcc/arm-none-eabi/10.3.1/../../../../arm-none-eabi/lib/thumb/v7-m/nofp\libnosys.a
END GROUP
LOAD d:/ust_courses/year_3_23-24_-_fall_sem/elec3300/stm32cubeide_1.9.0/stm32cubeide/plugins/com.st.stm32cube.ide.mcu.externaltools.gnu-tools-for-stm32.10.3-2021.10.win32_1.0.0.202111181127/tools/bin/../lib/gcc/arm-none-eabi/10.3.1/thumb/v7-m/nofp/crtend.o
LOAD d:/ust_courses/year_3_23-24_-_fall_sem/elec3300/stm32cubeide_1.9.0/stm32cubeide/plugins/com.st.stm32cube.ide.mcu.externaltools.gnu-tools-for-stm32.10.3-2021.10.win32_1.0.0.202111181127/tools/bin/../lib/gcc/arm-none-eabi/10.3.1/thumb/v7-m/nofp/crtn.o
                0x0000000020010000                _estack = (ORIGIN (RAM) + LENGTH (RAM))
                0x0000000000000200                _Min_Heap_Size = 0x200
                0x0000000000000400                _Min_Stack_Size = 0x400

.isr_vector     0x0000000008000000      0x1e4
                0x0000000008000000                . = ALIGN (0x4)
 *(.isr_vector)
 .isr_vector    0x0000000008000000      0x1e4 ./Core/Startup/startup_stm32f103vetx.o
                0x0000000008000000                g_pfnVectors
                0x00000000080001e4                . = ALIGN (0x4)

.text           0x00000000080001e8     0x647c
                0x00000000080001e8                . = ALIGN (0x4)
 *(.text)
 .text          0x00000000080001e8       0x40 d:/ust_courses/year_3_23-24_-_fall_sem/elec3300/stm32cubeide_1.9.0/stm32cubeide/plugins/com.st.stm32cube.ide.mcu.externaltools.gnu-tools-for-stm32.10.3-2021.10.win32_1.0.0.202111181127/tools/bin/../lib/gcc/arm-none-eabi/10.3.1/thumb/v7-m/nofp/crtbegin.o
 .text          0x0000000008000228       0x10 d:/ust_courses/year_3_23-24_-_fall_sem/elec3300/stm32cubeide_1.9.0/stm32cubeide/plugins/com.st.stm32cube.ide.mcu.externaltools.gnu-tools-for-stm32.10.3-2021.10.win32_1.0.0.202111181127/tools/bin/../lib/gcc/arm-none-eabi/10.3.1/../../../../arm-none-eabi/lib/thumb/v7-m/nofp\libc_nano.a(lib_a-strlen.o)
                0x0000000008000228                strlen
 .text          0x0000000008000238      0x378 d:/ust_courses/year_3_23-24_-_fall_sem/elec3300/stm32cubeide_1.9.0/stm32cubeide/plugins/com.st.stm32cube.ide.mcu.externaltools.gnu-tools-for-stm32.10.3-2021.10.win32_1.0.0.202111181127/tools/bin/../lib/gcc/arm-none-eabi/10.3.1/thumb/v7-m/nofp\libgcc.a(_arm_addsubdf3.o)
                0x0000000008000238                __aeabi_drsub
                0x0000000008000240                __aeabi_dsub
                0x0000000008000240                __subdf3
                0x0000000008000244                __aeabi_dadd
                0x0000000008000244                __adddf3
                0x00000000080004bc                __floatunsidf
                0x00000000080004bc                __aeabi_ui2d
                0x00000000080004dc                __floatsidf
                0x00000000080004dc                __aeabi_i2d
                0x0000000008000500                __aeabi_f2d
                0x0000000008000500                __extendsfdf2
                0x0000000008000544                __floatundidf
                0x0000000008000544                __aeabi_ul2d
                0x0000000008000554                __floatdidf
                0x0000000008000554                __aeabi_l2d
 .text          0x00000000080005b0      0x424 d:/ust_courses/year_3_23-24_-_fall_sem/elec3300/stm32cubeide_1.9.0/stm32cubeide/plugins/com.st.stm32cube.ide.mcu.externaltools.gnu-tools-for-stm32.10.3-2021.10.win32_1.0.0.202111181127/tools/bin/../lib/gcc/arm-none-eabi/10.3.1/thumb/v7-m/nofp\libgcc.a(_arm_muldivdf3.o)
                0x00000000080005b0                __aeabi_dmul
                0x00000000080005b0                __muldf3
                0x0000000008000804                __divdf3
                0x0000000008000804                __aeabi_ddiv
 .text          0x00000000080009d4      0x110 d:/ust_courses/year_3_23-24_-_fall_sem/elec3300/stm32cubeide_1.9.0/stm32cubeide/plugins/com.st.stm32cube.ide.mcu.externaltools.gnu-tools-for-stm32.10.3-2021.10.win32_1.0.0.202111181127/tools/bin/../lib/gcc/arm-none-eabi/10.3.1/thumb/v7-m/nofp\libgcc.a(_arm_cmpdf2.o)
                0x00000000080009d4                __gtdf2
                0x00000000080009d4                __gedf2
                0x00000000080009dc                __ltdf2
                0x00000000080009dc                __ledf2
                0x00000000080009e4                __nedf2
                0x00000000080009e4                __eqdf2
                0x00000000080009e4                __cmpdf2
                0x0000000008000a60                __aeabi_cdrcmple
                0x0000000008000a70                __aeabi_cdcmpeq
                0x0000000008000a70                __aeabi_cdcmple
                0x0000000008000a80                __aeabi_dcmpeq
                0x0000000008000a94                __aeabi_dcmplt
                0x0000000008000aa8                __aeabi_dcmple
                0x0000000008000abc                __aeabi_dcmpge
                0x0000000008000ad0                __aeabi_dcmpgt
 .text          0x0000000008000ae4       0x50 d:/ust_courses/year_3_23-24_-_fall_sem/elec3300/stm32cubeide_1.9.0/stm32cubeide/plugins/com.st.stm32cube.ide.mcu.externaltools.gnu-tools-for-stm32.10.3-2021.10.win32_1.0.0.202111181127/tools/bin/../lib/gcc/arm-none-eabi/10.3.1/thumb/v7-m/nofp\libgcc.a(_arm_fixdfsi.o)
                0x0000000008000ae4                __aeabi_d2iz
                0x0000000008000ae4                __fixdfsi
 .text          0x0000000008000b34       0x40 d:/ust_courses/year_3_23-24_-_fall_sem/elec3300/stm32cubeide_1.9.0/stm32cubeide/plugins/com.st.stm32cube.ide.mcu.externaltools.gnu-tools-for-stm32.10.3-2021.10.win32_1.0.0.202111181127/tools/bin/../lib/gcc/arm-none-eabi/10.3.1/thumb/v7-m/nofp\libgcc.a(_arm_fixunsdfsi.o)
                0x0000000008000b34                __aeabi_d2uiz
                0x0000000008000b34                __fixunsdfsi
 *(.text*)
 .text.Ov7725_Init
                0x0000000008000b74       0x94 ./Core/Src/bsp_ov7725.o
                0x0000000008000b74                Ov7725_Init
 .text.SCCB_delay
                0x0000000008000c08       0x26 ./Core/Src/bsp_sccb.o
 *fill*         0x0000000008000c2e        0x2 
 .text.SCCB_Start
                0x0000000008000c30       0x58 ./Core/Src/bsp_sccb.o
 .text.SCCB_Stop
                0x0000000008000c88       0x34 ./Core/Src/bsp_sccb.o
 .text.SCCB_Ack
                0x0000000008000cbc       0x34 ./Core/Src/bsp_sccb.o
 .text.SCCB_NoAck
                0x0000000008000cf0       0x34 ./Core/Src/bsp_sccb.o
 .text.SCCB_WaitAck
                0x0000000008000d24       0x4c ./Core/Src/bsp_sccb.o
 .text.SCCB_SendByte
                0x0000000008000d70       0x60 ./Core/Src/bsp_sccb.o
 .text.SCCB_ReceiveByte
                0x0000000008000dd0       0x64 ./Core/Src/bsp_sccb.o
 .text.SCCB_WriteByte
                0x0000000008000e34       0x5e ./Core/Src/bsp_sccb.o
                0x0000000008000e34                SCCB_WriteByte
 .text.SCCB_ReadByte
                0x0000000008000e92       0xa8 ./Core/Src/bsp_sccb.o
                0x0000000008000e92                SCCB_ReadByte
 .text.Delay    0x0000000008000f3a       0x22 ./Core/Src/lcd.o
                0x0000000008000f3a                Delay
 .text.LCD_INIT
                0x0000000008000f5c       0x2c ./Core/Src/lcd.o
                0x0000000008000f5c                LCD_INIT
 .text.LCD_Rst  0x0000000008000f88       0x30 ./Core/Src/lcd.o
                0x0000000008000f88                LCD_Rst
 .text.LCD_BackLed_Control
                0x0000000008000fb8       0x38 ./Core/Src/lcd.o
                0x0000000008000fb8                LCD_BackLed_Control
 .text.LCD_Write_Cmd
                0x0000000008000ff0       0x1c ./Core/Src/lcd.o
                0x0000000008000ff0                LCD_Write_Cmd
 .text.LCD_Write_Data
                0x000000000800100c       0x20 ./Core/Src/lcd.o
                0x000000000800100c                LCD_Write_Data
 .text.LCD_REG_Config
                0x000000000800102c      0x234 ./Core/Src/lcd.o
                0x000000000800102c                LCD_REG_Config
 .text.LCD_OpenWindow
                0x0000000008001260       0xb2 ./Core/Src/lcd.o
                0x0000000008001260                LCD_OpenWindow
 .text.LCD_FillColor
                0x0000000008001312       0x3c ./Core/Src/lcd.o
                0x0000000008001312                LCD_FillColor
 .text.LCD_Clear
                0x000000000800134e       0x46 ./Core/Src/lcd.o
                0x000000000800134e                LCD_Clear
 .text.LCD_DisplayInterface
                0x0000000008001394       0x74 ./Core/Src/lcd.o
                0x0000000008001394                LCD_DisplayInterface
 .text.LCD_DisplayInterface1
                0x0000000008001408       0x7c ./Core/Src/lcd.o
                0x0000000008001408                LCD_DisplayInterface1
 .text.LCD_DisplayInterface2
                0x0000000008001484       0x80 ./Core/Src/lcd.o
                0x0000000008001484                LCD_DisplayInterface2
 .text.LCD_Display0
                0x0000000008001504       0x84 ./Core/Src/lcd.o
                0x0000000008001504                LCD_Display0
 .text.LCD_Display1
                0x0000000008001588       0x80 ./Core/Src/lcd.o
                0x0000000008001588                LCD_Display1
 .text.LCD_Display2
                0x0000000008001608       0x80 ./Core/Src/lcd.o
                0x0000000008001608                LCD_Display2
 .text.LCD_Display3
                0x0000000008001688       0x84 ./Core/Src/lcd.o
                0x0000000008001688                LCD_Display3
 .text.LCD_Display4
                0x000000000800170c       0x80 ./Core/Src/lcd.o
                0x000000000800170c                LCD_Display4
 .text.LCD_Display5
                0x000000000800178c       0x80 ./Core/Src/lcd.o
                0x000000000800178c                LCD_Display5
 .text.LCD_Display6
                0x000000000800180c       0x84 ./Core/Src/lcd.o
                0x000000000800180c                LCD_Display6
 .text.LCD_Display7
                0x0000000008001890       0x80 ./Core/Src/lcd.o
                0x0000000008001890                LCD_Display7
 .text.LCD_Display8
                0x0000000008001910       0x84 ./Core/Src/lcd.o
                0x0000000008001910                LCD_Display8
 .text.LCD_Display9
                0x0000000008001994       0x84 ./Core/Src/lcd.o
                0x0000000008001994                LCD_Display9
 .text.LCD_DisplayNum
                0x0000000008001a18      0x150 ./Core/Src/lcd.o
                0x0000000008001a18                LCD_DisplayNum
 .text.led_blink
                0x0000000008001b68       0x6c ./Core/Src/main.o
                0x0000000008001b68                led_blink
 .text.stepper_up
                0x0000000008001bd4       0x34 ./Core/Src/main.o
                0x0000000008001bd4                stepper_up
 .text.stepper_stop
                0x0000000008001c08       0x20 ./Core/Src/main.o
                0x0000000008001c08                stepper_stop
 .text.fan      0x0000000008001c28       0xc0 ./Core/Src/main.o
                0x0000000008001c28                fan
 .text.take_photo
                0x0000000008001ce8      0x2e8 ./Core/Src/main.o
                0x0000000008001ce8                take_photo
 .text.main     0x0000000008001fd0      0x40c ./Core/Src/main.o
                0x0000000008001fd0                main
 .text.SystemClock_Config
                0x00000000080023dc       0x96 ./Core/Src/main.o
                0x00000000080023dc                SystemClock_Config
 *fill*         0x0000000008002472        0x2 
 .text.MX_TIM1_Init
                0x0000000008002474       0xa0 ./Core/Src/main.o
 .text.MX_TIM3_Init
                0x0000000008002514      0x104 ./Core/Src/main.o
 .text.MX_TIM4_Init
                0x0000000008002618       0xf0 ./Core/Src/main.o
 .text.MX_USART1_UART_Init
                0x0000000008002708       0x54 ./Core/Src/main.o
 .text.MX_GPIO_Init
                0x000000000800275c      0x310 ./Core/Src/main.o
 .text.MX_FSMC_Init
                0x0000000008002a6c       0xc8 ./Core/Src/main.o
 .text.Error_Handler
                0x0000000008002b34       0x10 ./Core/Src/main.o
                0x0000000008002b34                Error_Handler
 .text.HAL_MspInit
                0x0000000008002b44       0x64 ./Core/Src/stm32f1xx_hal_msp.o
                0x0000000008002b44                HAL_MspInit
 .text.HAL_TIM_Base_MspInit
                0x0000000008002ba8       0x8c ./Core/Src/stm32f1xx_hal_msp.o
                0x0000000008002ba8                HAL_TIM_Base_MspInit
 .text.HAL_TIM_MspPostInit
                0x0000000008002c34       0xa8 ./Core/Src/stm32f1xx_hal_msp.o
                0x0000000008002c34                HAL_TIM_MspPostInit
 .text.HAL_UART_MspInit
                0x0000000008002cdc       0x98 ./Core/Src/stm32f1xx_hal_msp.o
                0x0000000008002cdc                HAL_UART_MspInit
 .text.HAL_FSMC_MspInit
                0x0000000008002d74       0x88 ./Core/Src/stm32f1xx_hal_msp.o
 .text.HAL_SRAM_MspInit
                0x0000000008002dfc       0x14 ./Core/Src/stm32f1xx_hal_msp.o
                0x0000000008002dfc                HAL_SRAM_MspInit
 .text.NMI_Handler
                0x0000000008002e10        0x6 ./Core/Src/stm32f1xx_it.o
                0x0000000008002e10                NMI_Handler
 .text.HardFault_Handler
                0x0000000008002e16        0x6 ./Core/Src/stm32f1xx_it.o
                0x0000000008002e16                HardFault_Handler
 .text.MemManage_Handler
                0x0000000008002e1c        0x6 ./Core/Src/stm32f1xx_it.o
                0x0000000008002e1c                MemManage_Handler
 .text.BusFault_Handler
                0x0000000008002e22        0x6 ./Core/Src/stm32f1xx_it.o
                0x0000000008002e22                BusFault_Handler
 .text.UsageFault_Handler
                0x0000000008002e28        0x6 ./Core/Src/stm32f1xx_it.o
                0x0000000008002e28                UsageFault_Handler
 .text.SVC_Handler
                0x0000000008002e2e        0xc ./Core/Src/stm32f1xx_it.o
                0x0000000008002e2e                SVC_Handler
 .text.DebugMon_Handler
                0x0000000008002e3a        0xc ./Core/Src/stm32f1xx_it.o
                0x0000000008002e3a                DebugMon_Handler
 .text.PendSV_Handler
                0x0000000008002e46        0xc ./Core/Src/stm32f1xx_it.o
                0x0000000008002e46                PendSV_Handler
 .text.SysTick_Handler
                0x0000000008002e52        0xc ./Core/Src/stm32f1xx_it.o
                0x0000000008002e52                SysTick_Handler
 *fill*         0x0000000008002e5e        0x2 
 .text.EXTI0_IRQHandler
                0x0000000008002e60       0x30 ./Core/Src/stm32f1xx_it.o
                0x0000000008002e60                EXTI0_IRQHandler
 .text.EXTI3_IRQHandler
                0x0000000008002e90       0x74 ./Core/Src/stm32f1xx_it.o
                0x0000000008002e90                EXTI3_IRQHandler
 .text.EXTI4_IRQHandler
                0x0000000008002f04       0x2c ./Core/Src/stm32f1xx_it.o
                0x0000000008002f04                EXTI4_IRQHandler
 .text.EXTI9_5_IRQHandler
                0x0000000008002f30       0x38 ./Core/Src/stm32f1xx_it.o
                0x0000000008002f30                EXTI9_5_IRQHandler
 .text.EXTI15_10_IRQHandler
                0x0000000008002f68       0x34 ./Core/Src/stm32f1xx_it.o
                0x0000000008002f68                EXTI15_10_IRQHandler
 .text._sbrk    0x0000000008002f9c       0x6c ./Core/Src/sysmem.o
                0x0000000008002f9c                _sbrk
 .text.SystemInit
                0x0000000008003008        0xc ./Core/Src/system_stm32f1xx.o
                0x0000000008003008                SystemInit
 .text.XPT2046_DelayUS
                0x0000000008003014       0x38 ./Core/Src/xpt2046.o
 .text.XPT2046_WriteCMD
                0x000000000800304c       0x88 ./Core/Src/xpt2046.o
 .text.XPT2046_ReadCMD
                0x00000000080030d4       0x78 ./Core/Src/xpt2046.o
 .text.XPT2046_ReadAdc
                0x000000000800314c       0x20 ./Core/Src/xpt2046.o
 .text.XPT2046_ReadAdc_XY
                0x000000000800316c       0x38 ./Core/Src/xpt2046.o
 .text.XPT2046_ReadAdc_Smooth_XY
                0x00000000080031a4      0x22c ./Core/Src/xpt2046.o
 .text.XPT2046_Get_TouchedPoint
                0x00000000080033d0      0x10e ./Core/Src/xpt2046.o
                0x00000000080033d0                XPT2046_Get_TouchedPoint
 *fill*         0x00000000080034de        0x2 
 .text.Check_mainsrc_touchkey
                0x00000000080034e0      0x118 ./Core/Src/xpt2046.o
                0x00000000080034e0                Check_mainsrc_touchkey
 .text.Reset_Handler
                0x00000000080035f8       0x48 ./Core/Startup/startup_stm32f103vetx.o
                0x00000000080035f8                Reset_Handler
 .text.Default_Handler
                0x0000000008003640        0x2 ./Core/Startup/startup_stm32f103vetx.o
                0x0000000008003640                RTC_Alarm_IRQHandler
                0x0000000008003640                EXTI2_IRQHandler
                0x0000000008003640                TIM8_TRG_COM_IRQHandler
                0x0000000008003640                TIM8_CC_IRQHandler
                0x0000000008003640                TIM1_CC_IRQHandler
                0x0000000008003640                TIM6_IRQHandler
                0x0000000008003640                PVD_IRQHandler
                0x0000000008003640                SDIO_IRQHandler
                0x0000000008003640                I2C2_EV_IRQHandler
                0x0000000008003640                ADC1_2_IRQHandler
                0x0000000008003640                SPI1_IRQHandler
                0x0000000008003640                TAMPER_IRQHandler
                0x0000000008003640                TIM8_UP_IRQHandler
                0x0000000008003640                DMA2_Channel2_IRQHandler
                0x0000000008003640                DMA1_Channel4_IRQHandler
                0x0000000008003640                USART3_IRQHandler
                0x0000000008003640                RTC_IRQHandler
                0x0000000008003640                DMA1_Channel7_IRQHandler
                0x0000000008003640                CAN1_RX1_IRQHandler
                0x0000000008003640                UART5_IRQHandler
                0x0000000008003640                ADC3_IRQHandler
                0x0000000008003640                TIM4_IRQHandler
                0x0000000008003640                DMA2_Channel1_IRQHandler
                0x0000000008003640                I2C1_EV_IRQHandler
                0x0000000008003640                DMA1_Channel6_IRQHandler
                0x0000000008003640                UART4_IRQHandler
                0x0000000008003640                TIM3_IRQHandler
                0x0000000008003640                RCC_IRQHandler
                0x0000000008003640                TIM1_TRG_COM_IRQHandler
                0x0000000008003640                DMA1_Channel1_IRQHandler
                0x0000000008003640                Default_Handler
                0x0000000008003640                TIM7_IRQHandler
                0x0000000008003640                TIM5_IRQHandler
                0x0000000008003640                SPI2_IRQHandler
                0x0000000008003640                DMA1_Channel5_IRQHandler
                0x0000000008003640                USB_LP_CAN1_RX0_IRQHandler
                0x0000000008003640                USB_HP_CAN1_TX_IRQHandler
                0x0000000008003640                DMA1_Channel3_IRQHandler
                0x0000000008003640                FSMC_IRQHandler
                0x0000000008003640                TIM1_UP_IRQHandler
                0x0000000008003640                WWDG_IRQHandler
                0x0000000008003640                TIM2_IRQHandler
                0x0000000008003640                TIM1_BRK_IRQHandler
                0x0000000008003640                EXTI1_IRQHandler
                0x0000000008003640                DMA2_Channel4_5_IRQHandler
                0x0000000008003640                USART2_IRQHandler
                0x0000000008003640                I2C2_ER_IRQHandler
                0x0000000008003640                DMA1_Channel2_IRQHandler
                0x0000000008003640                TIM8_BRK_IRQHandler
                0x0000000008003640                CAN1_SCE_IRQHandler
                0x0000000008003640                FLASH_IRQHandler
                0x0000000008003640                USART1_IRQHandler
                0x0000000008003640                SPI3_IRQHandler
                0x0000000008003640                I2C1_ER_IRQHandler
                0x0000000008003640                USBWakeUp_IRQHandler
                0x0000000008003640                DMA2_Channel3_IRQHandler
 *fill*         0x0000000008003642        0x2 
 .text.HAL_Init
                0x0000000008003644       0x2c ./Drivers/STM32F1xx_HAL_Driver/Src/stm32f1xx_hal.o
                0x0000000008003644                HAL_Init
 .text.HAL_InitTick
                0x0000000008003670       0x60 ./Drivers/STM32F1xx_HAL_Driver/Src/stm32f1xx_hal.o
                0x0000000008003670                HAL_InitTick
 .text.HAL_IncTick
                0x00000000080036d0       0x24 ./Drivers/STM32F1xx_HAL_Driver/Src/stm32f1xx_hal.o
                0x00000000080036d0                HAL_IncTick
 .text.HAL_GetTick
                0x00000000080036f4       0x14 ./Drivers/STM32F1xx_HAL_Driver/Src/stm32f1xx_hal.o
                0x00000000080036f4                HAL_GetTick
 .text.HAL_Delay
                0x0000000008003708       0x48 ./Drivers/STM32F1xx_HAL_Driver/Src/stm32f1xx_hal.o
                0x0000000008003708                HAL_Delay
 .text.__NVIC_SetPriorityGrouping
                0x0000000008003750       0x48 ./Drivers/STM32F1xx_HAL_Driver/Src/stm32f1xx_hal_cortex.o
 .text.__NVIC_GetPriorityGrouping
                0x0000000008003798       0x1c ./Drivers/STM32F1xx_HAL_Driver/Src/stm32f1xx_hal_cortex.o
 .text.__NVIC_EnableIRQ
                0x00000000080037b4       0x38 ./Drivers/STM32F1xx_HAL_Driver/Src/stm32f1xx_hal_cortex.o
 .text.__NVIC_SetPriority
                0x00000000080037ec       0x54 ./Drivers/STM32F1xx_HAL_Driver/Src/stm32f1xx_hal_cortex.o
 .text.NVIC_EncodePriority
                0x0000000008003840       0x64 ./Drivers/STM32F1xx_HAL_Driver/Src/stm32f1xx_hal_cortex.o
 .text.SysTick_Config
                0x00000000080038a4       0x44 ./Drivers/STM32F1xx_HAL_Driver/Src/stm32f1xx_hal_cortex.o
 .text.HAL_NVIC_SetPriorityGrouping
                0x00000000080038e8       0x16 ./Drivers/STM32F1xx_HAL_Driver/Src/stm32f1xx_hal_cortex.o
                0x00000000080038e8                HAL_NVIC_SetPriorityGrouping
 .text.HAL_NVIC_SetPriority
                0x00000000080038fe       0x38 ./Drivers/STM32F1xx_HAL_Driver/Src/stm32f1xx_hal_cortex.o
                0x00000000080038fe                HAL_NVIC_SetPriority
 .text.HAL_NVIC_EnableIRQ
                0x0000000008003936       0x1c ./Drivers/STM32F1xx_HAL_Driver/Src/stm32f1xx_hal_cortex.o
                0x0000000008003936                HAL_NVIC_EnableIRQ
 .text.HAL_SYSTICK_Config
                0x0000000008003952       0x18 ./Drivers/STM32F1xx_HAL_Driver/Src/stm32f1xx_hal_cortex.o
                0x0000000008003952                HAL_SYSTICK_Config
 *fill*         0x000000000800396a        0x2 
 .text.HAL_GPIO_Init
                0x000000000800396c      0x328 ./Drivers/STM32F1xx_HAL_Driver/Src/stm32f1xx_hal_gpio.o
                0x000000000800396c                HAL_GPIO_Init
 .text.HAL_GPIO_ReadPin
                0x0000000008003c94       0x2e ./Drivers/STM32F1xx_HAL_Driver/Src/stm32f1xx_hal_gpio.o
                0x0000000008003c94                HAL_GPIO_ReadPin
 .text.HAL_GPIO_WritePin
                0x0000000008003cc2       0x30 ./Drivers/STM32F1xx_HAL_Driver/Src/stm32f1xx_hal_gpio.o
                0x0000000008003cc2                HAL_GPIO_WritePin
 *fill*         0x0000000008003cf2        0x2 
 .text.HAL_GPIO_EXTI_IRQHandler
                0x0000000008003cf4       0x30 ./Drivers/STM32F1xx_HAL_Driver/Src/stm32f1xx_hal_gpio.o
                0x0000000008003cf4                HAL_GPIO_EXTI_IRQHandler
 .text.HAL_GPIO_EXTI_Callback
                0x0000000008003d24       0x14 ./Drivers/STM32F1xx_HAL_Driver/Src/stm32f1xx_hal_gpio.o
                0x0000000008003d24                HAL_GPIO_EXTI_Callback
 .text.HAL_RCC_OscConfig
                0x0000000008003d38      0x504 ./Drivers/STM32F1xx_HAL_Driver/Src/stm32f1xx_hal_rcc.o
                0x0000000008003d38                HAL_RCC_OscConfig
 .text.HAL_RCC_ClockConfig
                0x000000000800423c      0x1d4 ./Drivers/STM32F1xx_HAL_Driver/Src/stm32f1xx_hal_rcc.o
                0x000000000800423c                HAL_RCC_ClockConfig
 .text.HAL_RCC_MCOConfig
                0x0000000008004410       0x70 ./Drivers/STM32F1xx_HAL_Driver/Src/stm32f1xx_hal_rcc.o
                0x0000000008004410                HAL_RCC_MCOConfig
 .text.HAL_RCC_GetSysClockFreq
                0x0000000008004480       0xbc ./Drivers/STM32F1xx_HAL_Driver/Src/stm32f1xx_hal_rcc.o
                0x0000000008004480                HAL_RCC_GetSysClockFreq
 .text.HAL_RCC_GetHCLKFreq
                0x000000000800453c       0x14 ./Drivers/STM32F1xx_HAL_Driver/Src/stm32f1xx_hal_rcc.o
                0x000000000800453c                HAL_RCC_GetHCLKFreq
 .text.HAL_RCC_GetPCLK1Freq
                0x0000000008004550       0x28 ./Drivers/STM32F1xx_HAL_Driver/Src/stm32f1xx_hal_rcc.o
                0x0000000008004550                HAL_RCC_GetPCLK1Freq
 .text.HAL_RCC_GetPCLK2Freq
                0x0000000008004578       0x28 ./Drivers/STM32F1xx_HAL_Driver/Src/stm32f1xx_hal_rcc.o
                0x0000000008004578                HAL_RCC_GetPCLK2Freq
 .text.RCC_Delay
                0x00000000080045a0       0x3c ./Drivers/STM32F1xx_HAL_Driver/Src/stm32f1xx_hal_rcc.o
 .text.HAL_SRAM_Init
                0x00000000080045dc       0x9a ./Drivers/STM32F1xx_HAL_Driver/Src/stm32f1xx_hal_sram.o
                0x00000000080045dc                HAL_SRAM_Init
 .text.HAL_TIM_Base_Init
                0x0000000008004676       0x9e ./Drivers/STM32F1xx_HAL_Driver/Src/stm32f1xx_hal_tim.o
                0x0000000008004676                HAL_TIM_Base_Init
 .text.HAL_TIM_Base_Start
                0x0000000008004714       0xb0 ./Drivers/STM32F1xx_HAL_Driver/Src/stm32f1xx_hal_tim.o
                0x0000000008004714                HAL_TIM_Base_Start
 .text.HAL_TIM_PWM_Init
                0x00000000080047c4       0x9e ./Drivers/STM32F1xx_HAL_Driver/Src/stm32f1xx_hal_tim.o
                0x00000000080047c4                HAL_TIM_PWM_Init
 .text.HAL_TIM_PWM_MspInit
                0x0000000008004862       0x12 ./Drivers/STM32F1xx_HAL_Driver/Src/stm32f1xx_hal_tim.o
                0x0000000008004862                HAL_TIM_PWM_MspInit
 .text.HAL_TIM_PWM_Start
                0x0000000008004874      0x174 ./Drivers/STM32F1xx_HAL_Driver/Src/stm32f1xx_hal_tim.o
                0x0000000008004874                HAL_TIM_PWM_Start
 .text.HAL_TIM_PWM_ConfigChannel
                0x00000000080049e8      0x17c ./Drivers/STM32F1xx_HAL_Driver/Src/stm32f1xx_hal_tim.o
                0x00000000080049e8                HAL_TIM_PWM_ConfigChannel
 .text.HAL_TIM_ConfigClockSource
                0x0000000008004b64      0x188 ./Drivers/STM32F1xx_HAL_Driver/Src/stm32f1xx_hal_tim.o
                0x0000000008004b64                HAL_TIM_ConfigClockSource
 .text.TIM_Base_SetConfig
                0x0000000008004cec       0xf4 ./Drivers/STM32F1xx_HAL_Driver/Src/stm32f1xx_hal_tim.o
                0x0000000008004cec                TIM_Base_SetConfig
 .text.TIM_OC1_SetConfig
                0x0000000008004de0       0xe0 ./Drivers/STM32F1xx_HAL_Driver/Src/stm32f1xx_hal_tim.o
 .text.TIM_OC2_SetConfig
                0x0000000008004ec0       0xe8 ./Drivers/STM32F1xx_HAL_Driver/Src/stm32f1xx_hal_tim.o
                0x0000000008004ec0                TIM_OC2_SetConfig
 .text.TIM_OC3_SetConfig
                0x0000000008004fa8       0xe8 ./Drivers/STM32F1xx_HAL_Driver/Src/stm32f1xx_hal_tim.o
 .text.TIM_OC4_SetConfig
                0x0000000008005090       0xa8 ./Drivers/STM32F1xx_HAL_Driver/Src/stm32f1xx_hal_tim.o
 .text.TIM_TI1_ConfigInputStage
                0x0000000008005138       0x5c ./Drivers/STM32F1xx_HAL_Driver/Src/stm32f1xx_hal_tim.o
 .text.TIM_TI2_ConfigInputStage
                0x0000000008005194       0x5e ./Drivers/STM32F1xx_HAL_Driver/Src/stm32f1xx_hal_tim.o
 .text.TIM_ITRx_SetConfig
                0x00000000080051f2       0x34 ./Drivers/STM32F1xx_HAL_Driver/Src/stm32f1xx_hal_tim.o
 .text.TIM_ETR_SetConfig
                0x0000000008005226       0x3e ./Drivers/STM32F1xx_HAL_Driver/Src/stm32f1xx_hal_tim.o
                0x0000000008005226                TIM_ETR_SetConfig
 .text.TIM_CCxChannelCmd
                0x0000000008005264       0x48 ./Drivers/STM32F1xx_HAL_Driver/Src/stm32f1xx_hal_tim.o
                0x0000000008005264                TIM_CCxChannelCmd
 .text.HAL_TIMEx_MasterConfigSynchronization
                0x00000000080052ac       0xd8 ./Drivers/STM32F1xx_HAL_Driver/Src/stm32f1xx_hal_tim_ex.o
                0x00000000080052ac                HAL_TIMEx_MasterConfigSynchronization
 .text.HAL_UART_Init
                0x0000000008005384       0x9a ./Drivers/STM32F1xx_HAL_Driver/Src/stm32f1xx_hal_uart.o
                0x0000000008005384                HAL_UART_Init
 .text.HAL_UART_Transmit
                0x000000000800541e      0x124 ./Drivers/STM32F1xx_HAL_Driver/Src/stm32f1xx_hal_uart.o
                0x000000000800541e                HAL_UART_Transmit
 .text.HAL_UART_Receive
                0x0000000008005542      0x144 ./Drivers/STM32F1xx_HAL_Driver/Src/stm32f1xx_hal_uart.o
                0x0000000008005542                HAL_UART_Receive
 .text.UART_WaitOnFlagUntilTimeout
                0x0000000008005686       0x94 ./Drivers/STM32F1xx_HAL_Driver/Src/stm32f1xx_hal_uart.o
 *fill*         0x000000000800571a        0x2 
 .text.UART_SetConfig
                0x000000000800571c      0x11c ./Drivers/STM32F1xx_HAL_Driver/Src/stm32f1xx_hal_uart.o
 .text.FSMC_NORSRAM_Init
                0x0000000008005838       0xd4 ./Drivers/STM32F1xx_HAL_Driver/Src/stm32f1xx_ll_fsmc.o
                0x0000000008005838                FSMC_NORSRAM_Init
 .text.FSMC_NORSRAM_Timing_Init
                0x000000000800590c       0x68 ./Drivers/STM32F1xx_HAL_Driver/Src/stm32f1xx_ll_fsmc.o
                0x000000000800590c                FSMC_NORSRAM_Timing_Init
 .text.FSMC_NORSRAM_Extended_Timing_Init
                0x0000000008005974       0x70 ./Drivers/STM32F1xx_HAL_Driver/Src/stm32f1xx_ll_fsmc.o
                0x0000000008005974                FSMC_NORSRAM_Extended_Timing_Init
 .text.__errno  0x00000000080059e4        0xc d:/ust_courses/year_3_23-24_-_fall_sem/elec3300/stm32cubeide_1.9.0/stm32cubeide/plugins/com.st.stm32cube.ide.mcu.externaltools.gnu-tools-for-stm32.10.3-2021.10.win32_1.0.0.202111181127/tools/bin/../lib/gcc/arm-none-eabi/10.3.1/../../../../arm-none-eabi/lib/thumb/v7-m/nofp\libc_nano.a(lib_a-errno.o)
                0x00000000080059e4                __errno
 .text.__libc_init_array
                0x00000000080059f0       0x48 d:/ust_courses/year_3_23-24_-_fall_sem/elec3300/stm32cubeide_1.9.0/stm32cubeide/plugins/com.st.stm32cube.ide.mcu.externaltools.gnu-tools-for-stm32.10.3-2021.10.win32_1.0.0.202111181127/tools/bin/../lib/gcc/arm-none-eabi/10.3.1/../../../../arm-none-eabi/lib/thumb/v7-m/nofp\libc_nano.a(lib_a-init.o)
                0x00000000080059f0                __libc_init_array
 .text.memset   0x0000000008005a38       0x10 d:/ust_courses/year_3_23-24_-_fall_sem/elec3300/stm32cubeide_1.9.0/stm32cubeide/plugins/com.st.stm32cube.ide.mcu.externaltools.gnu-tools-for-stm32.10.3-2021.10.win32_1.0.0.202111181127/tools/bin/../lib/gcc/arm-none-eabi/10.3.1/../../../../arm-none-eabi/lib/thumb/v7-m/nofp\libc_nano.a(lib_a-memset.o)
                0x0000000008005a38                memset
 .text.sscanf   0x0000000008005a48       0x54 d:/ust_courses/year_3_23-24_-_fall_sem/elec3300/stm32cubeide_1.9.0/stm32cubeide/plugins/com.st.stm32cube.ide.mcu.externaltools.gnu-tools-for-stm32.10.3-2021.10.win32_1.0.0.202111181127/tools/bin/../lib/gcc/arm-none-eabi/10.3.1/../../../../arm-none-eabi/lib/thumb/v7-m/nofp\libc_nano.a(lib_a-sscanf.o)
                0x0000000008005a48                siscanf
                0x0000000008005a48                sscanf
 .text.__seofread
                0x0000000008005a9c        0x4 d:/ust_courses/year_3_23-24_-_fall_sem/elec3300/stm32cubeide_1.9.0/stm32cubeide/plugins/com.st.stm32cube.ide.mcu.externaltools.gnu-tools-for-stm32.10.3-2021.10.win32_1.0.0.202111181127/tools/bin/../lib/gcc/arm-none-eabi/10.3.1/../../../../arm-none-eabi/lib/thumb/v7-m/nofp\libc_nano.a(lib_a-stdio.o)
                0x0000000008005a9c                __seofread
 .text._sungetc_r
                0x0000000008005aa0       0x7a d:/ust_courses/year_3_23-24_-_fall_sem/elec3300/stm32cubeide_1.9.0/stm32cubeide/plugins/com.st.stm32cube.ide.mcu.externaltools.gnu-tools-for-stm32.10.3-2021.10.win32_1.0.0.202111181127/tools/bin/../lib/gcc/arm-none-eabi/10.3.1/../../../../arm-none-eabi/lib/thumb/v7-m/nofp\libc_nano.a(lib_a-nano-svfscanf.o)
                0x0000000008005aa0                _sungetc_r
 .text.__ssrefill_r
                0x0000000008005b1a       0x3a d:/ust_courses/year_3_23-24_-_fall_sem/elec3300/stm32cubeide_1.9.0/stm32cubeide/plugins/com.st.stm32cube.ide.mcu.externaltools.gnu-tools-for-stm32.10.3-2021.10.win32_1.0.0.202111181127/tools/bin/../lib/gcc/arm-none-eabi/10.3.1/../../../../arm-none-eabi/lib/thumb/v7-m/nofp\libc_nano.a(lib_a-nano-svfscanf.o)
                0x0000000008005b1a                __ssrefill_r
 .text.__ssvfscanf_r
                0x0000000008005b54      0x2f4 d:/ust_courses/year_3_23-24_-_fall_sem/elec3300/stm32cubeide_1.9.0/stm32cubeide/plugins/com.st.stm32cube.ide.mcu.externaltools.gnu-tools-for-stm32.10.3-2021.10.win32_1.0.0.202111181127/tools/bin/../lib/gcc/arm-none-eabi/10.3.1/../../../../arm-none-eabi/lib/thumb/v7-m/nofp\libc_nano.a(lib_a-nano-svfscanf.o)
                0x0000000008005b54                __ssvfiscanf_r
                0x0000000008005b54                __ssvfscanf_r
 .text._scanf_chars
                0x0000000008005e48       0xb4 d:/ust_courses/year_3_23-24_-_fall_sem/elec3300/stm32cubeide_1.9.0/stm32cubeide/plugins/com.st.stm32cube.ide.mcu.externaltools.gnu-tools-for-stm32.10.3-2021.10.win32_1.0.0.202111181127/tools/bin/../lib/gcc/arm-none-eabi/10.3.1/../../../../arm-none-eabi/lib/thumb/v7-m/nofp\libc_nano.a(lib_a-nano-vfscanf_i.o)
                0x0000000008005e48                _scanf_chars
 .text._scanf_i
                0x0000000008005efc      0x1f0 d:/ust_courses/year_3_23-24_-_fall_sem/elec3300/stm32cubeide_1.9.0/stm32cubeide/plugins/com.st.stm32cube.ide.mcu.externaltools.gnu-tools-for-stm32.10.3-2021.10.win32_1.0.0.202111181127/tools/bin/../lib/gcc/arm-none-eabi/10.3.1/../../../../arm-none-eabi/lib/thumb/v7-m/nofp\libc_nano.a(lib_a-nano-vfscanf_i.o)
                0x0000000008005efc                _scanf_i
 .text.__sccl   0x00000000080060ec       0x70 d:/ust_courses/year_3_23-24_-_fall_sem/elec3300/stm32cubeide_1.9.0/stm32cubeide/plugins/com.st.stm32cube.ide.mcu.externaltools.gnu-tools-for-stm32.10.3-2021.10.win32_1.0.0.202111181127/tools/bin/../lib/gcc/arm-none-eabi/10.3.1/../../../../arm-none-eabi/lib/thumb/v7-m/nofp\libc_nano.a(lib_a-sccl.o)
                0x00000000080060ec                __sccl
 .text._strtol_l.constprop.0
                0x000000000800615c       0xf8 d:/ust_courses/year_3_23-24_-_fall_sem/elec3300/stm32cubeide_1.9.0/stm32cubeide/plugins/com.st.stm32cube.ide.mcu.externaltools.gnu-tools-for-stm32.10.3-2021.10.win32_1.0.0.202111181127/tools/bin/../lib/gcc/arm-none-eabi/10.3.1/../../../../arm-none-eabi/lib/thumb/v7-m/nofp\libc_nano.a(lib_a-strtol.o)
 .text._strtol_r
                0x0000000008006254        0x4 d:/ust_courses/year_3_23-24_-_fall_sem/elec3300/stm32cubeide_1.9.0/stm32cubeide/plugins/com.st.stm32cube.ide.mcu.externaltools.gnu-tools-for-stm32.10.3-2021.10.win32_1.0.0.202111181127/tools/bin/../lib/gcc/arm-none-eabi/10.3.1/../../../../arm-none-eabi/lib/thumb/v7-m/nofp\libc_nano.a(lib_a-strtol.o)
                0x0000000008006254                _strtol_r
 .text._strtoul_l.constprop.0
                0x0000000008006258       0xe4 d:/ust_courses/year_3_23-24_-_fall_sem/elec3300/stm32cubeide_1.9.0/stm32cubeide/plugins/com.st.stm32cube.ide.mcu.externaltools.gnu-tools-for-stm32.10.3-2021.10.win32_1.0.0.202111181127/tools/bin/../lib/gcc/arm-none-eabi/10.3.1/../../../../arm-none-eabi/lib/thumb/v7-m/nofp\libc_nano.a(lib_a-strtoul.o)
 .text._strtoul_r
                0x000000000800633c        0x4 d:/ust_courses/year_3_23-24_-_fall_sem/elec3300/stm32cubeide_1.9.0/stm32cubeide/plugins/com.st.stm32cube.ide.mcu.externaltools.gnu-tools-for-stm32.10.3-2021.10.win32_1.0.0.202111181127/tools/bin/../lib/gcc/arm-none-eabi/10.3.1/../../../../arm-none-eabi/lib/thumb/v7-m/nofp\libc_nano.a(lib_a-strtoul.o)
                0x000000000800633c                _strtoul_r
 .text.__submore
                0x0000000008006340       0x70 d:/ust_courses/year_3_23-24_-_fall_sem/elec3300/stm32cubeide_1.9.0/stm32cubeide/plugins/com.st.stm32cube.ide.mcu.externaltools.gnu-tools-for-stm32.10.3-2021.10.win32_1.0.0.202111181127/tools/bin/../lib/gcc/arm-none-eabi/10.3.1/../../../../arm-none-eabi/lib/thumb/v7-m/nofp\libc_nano.a(lib_a-ungetc.o)
                0x0000000008006340                __submore
 .text.__retarget_lock_acquire_recursive
                0x00000000080063b0        0x2 d:/ust_courses/year_3_23-24_-_fall_sem/elec3300/stm32cubeide_1.9.0/stm32cubeide/plugins/com.st.stm32cube.ide.mcu.externaltools.gnu-tools-for-stm32.10.3-2021.10.win32_1.0.0.202111181127/tools/bin/../lib/gcc/arm-none-eabi/10.3.1/../../../../arm-none-eabi/lib/thumb/v7-m/nofp\libc_nano.a(lib_a-lock.o)
                0x00000000080063b0                __retarget_lock_acquire_recursive
 .text.__retarget_lock_release_recursive
                0x00000000080063b2        0x2 d:/ust_courses/year_3_23-24_-_fall_sem/elec3300/stm32cubeide_1.9.0/stm32cubeide/plugins/com.st.stm32cube.ide.mcu.externaltools.gnu-tools-for-stm32.10.3-2021.10.win32_1.0.0.202111181127/tools/bin/../lib/gcc/arm-none-eabi/10.3.1/../../../../arm-none-eabi/lib/thumb/v7-m/nofp\libc_nano.a(lib_a-lock.o)
                0x00000000080063b2                __retarget_lock_release_recursive
 .text.memchr   0x00000000080063b4       0x1c d:/ust_courses/year_3_23-24_-_fall_sem/elec3300/stm32cubeide_1.9.0/stm32cubeide/plugins/com.st.stm32cube.ide.mcu.externaltools.gnu-tools-for-stm32.10.3-2021.10.win32_1.0.0.202111181127/tools/bin/../lib/gcc/arm-none-eabi/10.3.1/../../../../arm-none-eabi/lib/thumb/v7-m/nofp\libc_nano.a(lib_a-memchr-stub.o)
                0x00000000080063b4                memchr
 .text.memcpy   0x00000000080063d0       0x1c d:/ust_courses/year_3_23-24_-_fall_sem/elec3300/stm32cubeide_1.9.0/stm32cubeide/plugins/com.st.stm32cube.ide.mcu.externaltools.gnu-tools-for-stm32.10.3-2021.10.win32_1.0.0.202111181127/tools/bin/../lib/gcc/arm-none-eabi/10.3.1/../../../../arm-none-eabi/lib/thumb/v7-m/nofp\libc_nano.a(lib_a-memcpy-stub.o)
                0x00000000080063d0                memcpy
 .text._free_r  0x00000000080063ec       0x90 d:/ust_courses/year_3_23-24_-_fall_sem/elec3300/stm32cubeide_1.9.0/stm32cubeide/plugins/com.st.stm32cube.ide.mcu.externaltools.gnu-tools-for-stm32.10.3-2021.10.win32_1.0.0.202111181127/tools/bin/../lib/gcc/arm-none-eabi/10.3.1/../../../../arm-none-eabi/lib/thumb/v7-m/nofp\libc_nano.a(lib_a-nano-freer.o)
                0x00000000080063ec                _free_r
 .text.sbrk_aligned
                0x000000000800647c       0x40 d:/ust_courses/year_3_23-24_-_fall_sem/elec3300/stm32cubeide_1.9.0/stm32cubeide/plugins/com.st.stm32cube.ide.mcu.externaltools.gnu-tools-for-stm32.10.3-2021.10.win32_1.0.0.202111181127/tools/bin/../lib/gcc/arm-none-eabi/10.3.1/../../../../arm-none-eabi/lib/thumb/v7-m/nofp\libc_nano.a(lib_a-nano-mallocr.o)
 .text._malloc_r
                0x00000000080064bc       0xe8 d:/ust_courses/year_3_23-24_-_fall_sem/elec3300/stm32cubeide_1.9.0/stm32cubeide/plugins/com.st.stm32cube.ide.mcu.externaltools.gnu-tools-for-stm32.10.3-2021.10.win32_1.0.0.202111181127/tools/bin/../lib/gcc/arm-none-eabi/10.3.1/../../../../arm-none-eabi/lib/thumb/v7-m/nofp\libc_nano.a(lib_a-nano-mallocr.o)
                0x00000000080064bc                _malloc_r
 .text._realloc_r
                0x00000000080065a4       0x5e d:/ust_courses/year_3_23-24_-_fall_sem/elec3300/stm32cubeide_1.9.0/stm32cubeide/plugins/com.st.stm32cube.ide.mcu.externaltools.gnu-tools-for-stm32.10.3-2021.10.win32_1.0.0.202111181127/tools/bin/../lib/gcc/arm-none-eabi/10.3.1/../../../../arm-none-eabi/lib/thumb/v7-m/nofp\libc_nano.a(lib_a-nano-reallocr.o)
                0x00000000080065a4                _realloc_r
 *fill*         0x0000000008006602        0x2 
 .text._sbrk_r  0x0000000008006604       0x20 d:/ust_courses/year_3_23-24_-_fall_sem/elec3300/stm32cubeide_1.9.0/stm32cubeide/plugins/com.st.stm32cube.ide.mcu.externaltools.gnu-tools-for-stm32.10.3-2021.10.win32_1.0.0.202111181127/tools/bin/../lib/gcc/arm-none-eabi/10.3.1/../../../../arm-none-eabi/lib/thumb/v7-m/nofp\libc_nano.a(lib_a-sbrkr.o)
                0x0000000008006604                _sbrk_r
 .text.__malloc_lock
                0x0000000008006624        0xc d:/ust_courses/year_3_23-24_-_fall_sem/elec3300/stm32cubeide_1.9.0/stm32cubeide/plugins/com.st.stm32cube.ide.mcu.externaltools.gnu-tools-for-stm32.10.3-2021.10.win32_1.0.0.202111181127/tools/bin/../lib/gcc/arm-none-eabi/10.3.1/../../../../arm-none-eabi/lib/thumb/v7-m/nofp\libc_nano.a(lib_a-mlock.o)
                0x0000000008006624                __malloc_lock
 .text.__malloc_unlock
                0x0000000008006630        0xc d:/ust_courses/year_3_23-24_-_fall_sem/elec3300/stm32cubeide_1.9.0/stm32cubeide/plugins/com.st.stm32cube.ide.mcu.externaltools.gnu-tools-for-stm32.10.3-2021.10.win32_1.0.0.202111181127/tools/bin/../lib/gcc/arm-none-eabi/10.3.1/../../../../arm-none-eabi/lib/thumb/v7-m/nofp\libc_nano.a(lib_a-mlock.o)
                0x0000000008006630                __malloc_unlock
 .text._malloc_usable_size_r
                0x000000000800663c       0x10 d:/ust_courses/year_3_23-24_-_fall_sem/elec3300/stm32cubeide_1.9.0/stm32cubeide/plugins/com.st.stm32cube.ide.mcu.externaltools.gnu-tools-for-stm32.10.3-2021.10.win32_1.0.0.202111181127/tools/bin/../lib/gcc/arm-none-eabi/10.3.1/../../../../arm-none-eabi/lib/thumb/v7-m/nofp\libc_nano.a(lib_a-nano-msizer.o)
                0x000000000800663c                _malloc_usable_size_r
 *(.glue_7)
 .glue_7        0x000000000800664c        0x0 linker stubs
 *(.glue_7t)
 .glue_7t       0x000000000800664c        0x0 linker stubs
 *(.eh_frame)
 .eh_frame      0x000000000800664c        0x0 d:/ust_courses/year_3_23-24_-_fall_sem/elec3300/stm32cubeide_1.9.0/stm32cubeide/plugins/com.st.stm32cube.ide.mcu.externaltools.gnu-tools-for-stm32.10.3-2021.10.win32_1.0.0.202111181127/tools/bin/../lib/gcc/arm-none-eabi/10.3.1/thumb/v7-m/nofp/crtbegin.o
 *(.init)
 .init          0x000000000800664c        0x4 d:/ust_courses/year_3_23-24_-_fall_sem/elec3300/stm32cubeide_1.9.0/stm32cubeide/plugins/com.st.stm32cube.ide.mcu.externaltools.gnu-tools-for-stm32.10.3-2021.10.win32_1.0.0.202111181127/tools/bin/../lib/gcc/arm-none-eabi/10.3.1/thumb/v7-m/nofp/crti.o
                0x000000000800664c                _init
 .init          0x0000000008006650        0x8 d:/ust_courses/year_3_23-24_-_fall_sem/elec3300/stm32cubeide_1.9.0/stm32cubeide/plugins/com.st.stm32cube.ide.mcu.externaltools.gnu-tools-for-stm32.10.3-2021.10.win32_1.0.0.202111181127/tools/bin/../lib/gcc/arm-none-eabi/10.3.1/thumb/v7-m/nofp/crtn.o
 *(.fini)
 .fini          0x0000000008006658        0x4 d:/ust_courses/year_3_23-24_-_fall_sem/elec3300/stm32cubeide_1.9.0/stm32cubeide/plugins/com.st.stm32cube.ide.mcu.externaltools.gnu-tools-for-stm32.10.3-2021.10.win32_1.0.0.202111181127/tools/bin/../lib/gcc/arm-none-eabi/10.3.1/thumb/v7-m/nofp/crti.o
                0x0000000008006658                _fini
 .fini          0x000000000800665c        0x8 d:/ust_courses/year_3_23-24_-_fall_sem/elec3300/stm32cubeide_1.9.0/stm32cubeide/plugins/com.st.stm32cube.ide.mcu.externaltools.gnu-tools-for-stm32.10.3-2021.10.win32_1.0.0.202111181127/tools/bin/../lib/gcc/arm-none-eabi/10.3.1/thumb/v7-m/nofp/crtn.o
                0x0000000008006664                . = ALIGN (0x4)
                0x0000000008006664                _etext = .

.vfp11_veneer   0x0000000008006664        0x0
 .vfp11_veneer  0x0000000008006664        0x0 linker stubs

.v4_bx          0x0000000008006664        0x0
 .v4_bx         0x0000000008006664        0x0 linker stubs

.iplt           0x0000000008006664        0x0
 .iplt          0x0000000008006664        0x0 d:/ust_courses/year_3_23-24_-_fall_sem/elec3300/stm32cubeide_1.9.0/stm32cubeide/plugins/com.st.stm32cube.ide.mcu.externaltools.gnu-tools-for-stm32.10.3-2021.10.win32_1.0.0.202111181127/tools/bin/../lib/gcc/arm-none-eabi/10.3.1/thumb/v7-m/nofp/crtbegin.o

.rodata         0x0000000008006664    0x3d530
                0x0000000008006664                . = ALIGN (0x4)
 *(.rodata)
 .rodata        0x0000000008006664        0x3 ./Core/Src/main.o
 *fill*         0x0000000008006667        0x1 
 .rodata        0x0000000008006668       0x10 ./Drivers/STM32F1xx_HAL_Driver/Src/stm32f1xx_hal_rcc.o
 .rodata        0x0000000008006678        0xc d:/ust_courses/year_3_23-24_-_fall_sem/elec3300/stm32cubeide_1.9.0/stm32cubeide/plugins/com.st.stm32cube.ide.mcu.externaltools.gnu-tools-for-stm32.10.3-2021.10.win32_1.0.0.202111181127/tools/bin/../lib/gcc/arm-none-eabi/10.3.1/../../../../arm-none-eabi/lib/thumb/v7-m/nofp\libc_nano.a(lib_a-nano-vfscanf_i.o)
 *(.rodata*)
 .rodata.zero   0x0000000008006684     0x1edc ./Core/Src/lcd.o
                0x0000000008006684                zero
 .rodata.one    0x0000000008008560     0x10a0 ./Core/Src/lcd.o
                0x0000000008008560                one
 .rodata.two    0x0000000008009600     0x1c46 ./Core/Src/lcd.o
                0x0000000008009600                two
 *fill*         0x000000000800b246        0x2 
 .rodata.three  0x000000000800b248     0x1c64 ./Core/Src/lcd.o
                0x000000000800b248                three
 .rodata.four   0x000000000800ceac     0x1f78 ./Core/Src/lcd.o
                0x000000000800ceac                four
 .rodata.five   0x000000000800ee24     0x1ca4 ./Core/Src/lcd.o
                0x000000000800ee24                five
 .rodata.six    0x0000000008010ac8     0x1edc ./Core/Src/lcd.o
                0x0000000008010ac8                six
 .rodata.seven  0x00000000080129a4     0x1b50 ./Core/Src/lcd.o
                0x00000000080129a4                seven
 .rodata.eight  0x00000000080144f4     0x1edc ./Core/Src/lcd.o
                0x00000000080144f4                eight
 .rodata.nine   0x00000000080163d0     0x1edc ./Core/Src/lcd.o
                0x00000000080163d0                nine
 .rodata.interface
                0x00000000080182ac    0x25800 ./Core/Src/lcd.o
                0x00000000080182ac                interface
 .rodata.loading
                0x000000000803daac     0x3070 ./Core/Src/lcd.o
                0x000000000803daac                loading
 .rodata.target_height
                0x0000000008040b1c     0x2ee0 ./Core/Src/lcd.o
                0x0000000008040b1c                target_height
 .rodata.AHBPrescTable
                0x00000000080439fc       0x10 ./Core/Src/system_stm32f1xx.o
                0x00000000080439fc                AHBPrescTable
 .rodata.APBPrescTable
                0x0000000008043a0c        0x8 ./Core/Src/system_stm32f1xx.o
                0x0000000008043a0c                APBPrescTable
 .rodata.__ssvfscanf_r.str1.1
                0x0000000008043a14        0x4 d:/ust_courses/year_3_23-24_-_fall_sem/elec3300/stm32cubeide_1.9.0/stm32cubeide/plugins/com.st.stm32cube.ide.mcu.externaltools.gnu-tools-for-stm32.10.3-2021.10.win32_1.0.0.202111181127/tools/bin/../lib/gcc/arm-none-eabi/10.3.1/../../../../arm-none-eabi/lib/thumb/v7-m/nofp\libc_nano.a(lib_a-nano-svfscanf.o)
 .rodata.str1.1
                0x0000000008043a18        0x9 d:/ust_courses/year_3_23-24_-_fall_sem/elec3300/stm32cubeide_1.9.0/stm32cubeide/plugins/com.st.stm32cube.ide.mcu.externaltools.gnu-tools-for-stm32.10.3-2021.10.win32_1.0.0.202111181127/tools/bin/../lib/gcc/arm-none-eabi/10.3.1/../../../../arm-none-eabi/lib/thumb/v7-m/nofp\libc_nano.a(lib_a-nano-vfscanf_i.o)
 .rodata._scanf_i.str1.1
                0x0000000008043a21       0x12 d:/ust_courses/year_3_23-24_-_fall_sem/elec3300/stm32cubeide_1.9.0/stm32cubeide/plugins/com.st.stm32cube.ide.mcu.externaltools.gnu-tools-for-stm32.10.3-2021.10.win32_1.0.0.202111181127/tools/bin/../lib/gcc/arm-none-eabi/10.3.1/../../../../arm-none-eabi/lib/thumb/v7-m/nofp\libc_nano.a(lib_a-nano-vfscanf_i.o)
 .rodata._ctype_
                0x0000000008043a33      0x101 d:/ust_courses/year_3_23-24_-_fall_sem/elec3300/stm32cubeide_1.9.0/stm32cubeide/plugins/com.st.stm32cube.ide.mcu.externaltools.gnu-tools-for-stm32.10.3-2021.10.win32_1.0.0.202111181127/tools/bin/../lib/gcc/arm-none-eabi/10.3.1/../../../../arm-none-eabi/lib/thumb/v7-m/nofp\libc_nano.a(lib_a-ctype_.o)
                0x0000000008043a33                _ctype_
 .rodata.__sf_fake_stderr
                0x0000000008043b34       0x20 d:/ust_courses/year_3_23-24_-_fall_sem/elec3300/stm32cubeide_1.9.0/stm32cubeide/plugins/com.st.stm32cube.ide.mcu.externaltools.gnu-tools-for-stm32.10.3-2021.10.win32_1.0.0.202111181127/tools/bin/../lib/gcc/arm-none-eabi/10.3.1/../../../../arm-none-eabi/lib/thumb/v7-m/nofp\libc_nano.a(lib_a-findfp.o)
                0x0000000008043b34                __sf_fake_stderr
 .rodata.__sf_fake_stdin
                0x0000000008043b54       0x20 d:/ust_courses/year_3_23-24_-_fall_sem/elec3300/stm32cubeide_1.9.0/stm32cubeide/plugins/com.st.stm32cube.ide.mcu.externaltools.gnu-tools-for-stm32.10.3-2021.10.win32_1.0.0.202111181127/tools/bin/../lib/gcc/arm-none-eabi/10.3.1/../../../../arm-none-eabi/lib/thumb/v7-m/nofp\libc_nano.a(lib_a-findfp.o)
                0x0000000008043b54                __sf_fake_stdin
 .rodata.__sf_fake_stdout
                0x0000000008043b74       0x20 d:/ust_courses/year_3_23-24_-_fall_sem/elec3300/stm32cubeide_1.9.0/stm32cubeide/plugins/com.st.stm32cube.ide.mcu.externaltools.gnu-tools-for-stm32.10.3-2021.10.win32_1.0.0.202111181127/tools/bin/../lib/gcc/arm-none-eabi/10.3.1/../../../../arm-none-eabi/lib/thumb/v7-m/nofp\libc_nano.a(lib_a-findfp.o)
                0x0000000008043b74                __sf_fake_stdout
                0x0000000008043b94                . = ALIGN (0x4)

.rel.dyn        0x0000000008043b94        0x0
 .rel.iplt      0x0000000008043b94        0x0 d:/ust_courses/year_3_23-24_-_fall_sem/elec3300/stm32cubeide_1.9.0/stm32cubeide/plugins/com.st.stm32cube.ide.mcu.externaltools.gnu-tools-for-stm32.10.3-2021.10.win32_1.0.0.202111181127/tools/bin/../lib/gcc/arm-none-eabi/10.3.1/thumb/v7-m/nofp/crtbegin.o

.ARM.extab      0x0000000008043b94        0x0
                0x0000000008043b94                . = ALIGN (0x4)
 *(.ARM.extab* .gnu.linkonce.armextab.*)
                0x0000000008043b94                . = ALIGN (0x4)

.ARM            0x0000000008043b94        0x0
                0x0000000008043b94                . = ALIGN (0x4)
                0x0000000008043b94                __exidx_start = .
 *(.ARM.exidx*)
                0x0000000008043b94                __exidx_end = .
                0x0000000008043b94                . = ALIGN (0x4)

.preinit_array  0x0000000008043b94        0x0
                0x0000000008043b94                . = ALIGN (0x4)
                0x0000000008043b94                PROVIDE (__preinit_array_start = .)
 *(.preinit_array*)
                0x0000000008043b94                PROVIDE (__preinit_array_end = .)
                0x0000000008043b94                . = ALIGN (0x4)

.init_array     0x0000000008043b94        0x4
                0x0000000008043b94                . = ALIGN (0x4)
                0x0000000008043b94                PROVIDE (__init_array_start = .)
 *(SORT_BY_NAME(.init_array.*))
 *(.init_array*)
 .init_array    0x0000000008043b94        0x4 d:/ust_courses/year_3_23-24_-_fall_sem/elec3300/stm32cubeide_1.9.0/stm32cubeide/plugins/com.st.stm32cube.ide.mcu.externaltools.gnu-tools-for-stm32.10.3-2021.10.win32_1.0.0.202111181127/tools/bin/../lib/gcc/arm-none-eabi/10.3.1/thumb/v7-m/nofp/crtbegin.o
                0x0000000008043b98                PROVIDE (__init_array_end = .)
                0x0000000008043b98                . = ALIGN (0x4)

.fini_array     0x0000000008043b98        0x4
                0x0000000008043b98                . = ALIGN (0x4)
                [!provide]                        PROVIDE (__fini_array_start = .)
 *(SORT_BY_NAME(.fini_array.*))
 *(.fini_array*)
 .fini_array    0x0000000008043b98        0x4 d:/ust_courses/year_3_23-24_-_fall_sem/elec3300/stm32cubeide_1.9.0/stm32cubeide/plugins/com.st.stm32cube.ide.mcu.externaltools.gnu-tools-for-stm32.10.3-2021.10.win32_1.0.0.202111181127/tools/bin/../lib/gcc/arm-none-eabi/10.3.1/thumb/v7-m/nofp/crtbegin.o
                [!provide]                        PROVIDE (__fini_array_end = .)
                0x0000000008043b9c                . = ALIGN (0x4)
                0x0000000008043b9c                _sidata = LOADADDR (.data)

.data           0x0000000020000000      0x18c load address 0x0000000008043b9c
                0x0000000020000000                . = ALIGN (0x4)
                0x0000000020000000                _sdata = .
 *(.data)
 *(.data*)
 .data.Sensor_Config
                0x0000000020000000       0x9a ./Core/Src/bsp_ov7725.o
                0x0000000020000000                Sensor_Config
 .data.OV7725_REG_NUM
                0x000000002000009a        0x1 ./Core/Src/bsp_ov7725.o
                0x000000002000009a                OV7725_REG_NUM
 *fill*         0x000000002000009b        0x1 
 .data.fan_speed_arr
                0x000000002000009c       0x10 ./Core/Src/main.o
                0x000000002000009c                fan_speed_arr
 .data.strK1    0x00000000200000ac        0x9 ./Core/Src/main.o
                0x00000000200000ac                strK1
 *fill*         0x00000000200000b5        0x3 
 .data.str2     0x00000000200000b8        0x6 ./Core/Src/main.o
                0x00000000200000b8                str2
 *fill*         0x00000000200000be        0x2 
 .data.SystemCoreClock
                0x00000000200000c0        0x4 ./Core/Src/system_stm32f1xx.o
                0x00000000200000c0                SystemCoreClock
 *fill*         0x00000000200000c4        0x4 
 .data.strXPT2046_TouchPara
                0x00000000200000c8       0x30 ./Core/Src/xpt2046.o
                0x00000000200000c8                strXPT2046_TouchPara
 .data.ResetButton
                0x00000000200000f8        0x8 ./Core/Src/xpt2046.o
                0x00000000200000f8                ResetButton
 .data.AutoButton
                0x0000000020000100        0x8 ./Core/Src/xpt2046.o
                0x0000000020000100                AutoButton
 .data.UpButton
                0x0000000020000108        0x8 ./Core/Src/xpt2046.o
                0x0000000020000108                UpButton
 .data.PauseButton
                0x0000000020000110        0x8 ./Core/Src/xpt2046.o
                0x0000000020000110                PauseButton
 .data.DownButton
                0x0000000020000118        0x8 ./Core/Src/xpt2046.o
                0x0000000020000118                DownButton
 .data.uwTickPrio
                0x0000000020000120        0x4 ./Drivers/STM32F1xx_HAL_Driver/Src/stm32f1xx_hal.o
                0x0000000020000120                uwTickPrio
 .data.uwTickFreq
                0x0000000020000124        0x1 ./Drivers/STM32F1xx_HAL_Driver/Src/stm32f1xx_hal.o
                0x0000000020000124                uwTickFreq
 *fill*         0x0000000020000125        0x3 
 .data._impure_ptr
                0x0000000020000128        0x4 d:/ust_courses/year_3_23-24_-_fall_sem/elec3300/stm32cubeide_1.9.0/stm32cubeide/plugins/com.st.stm32cube.ide.mcu.externaltools.gnu-tools-for-stm32.10.3-2021.10.win32_1.0.0.202111181127/tools/bin/../lib/gcc/arm-none-eabi/10.3.1/../../../../arm-none-eabi/lib/thumb/v7-m/nofp\libc_nano.a(lib_a-impure.o)
                0x0000000020000128                _impure_ptr
 .data.impure_data
                0x000000002000012c       0x60 d:/ust_courses/year_3_23-24_-_fall_sem/elec3300/stm32cubeide_1.9.0/stm32cubeide/plugins/com.st.stm32cube.ide.mcu.externaltools.gnu-tools-for-stm32.10.3-2021.10.win32_1.0.0.202111181127/tools/bin/../lib/gcc/arm-none-eabi/10.3.1/../../../../arm-none-eabi/lib/thumb/v7-m/nofp\libc_nano.a(lib_a-impure.o)
 *(.RamFunc)
 *(.RamFunc*)
                0x000000002000018c                . = ALIGN (0x4)
                0x000000002000018c                _edata = .

.igot.plt       0x000000002000018c        0x0 load address 0x0000000008043d28
 .igot.plt      0x000000002000018c        0x0 d:/ust_courses/year_3_23-24_-_fall_sem/elec3300/stm32cubeide_1.9.0/stm32cubeide/plugins/com.st.stm32cube.ide.mcu.externaltools.gnu-tools-for-stm32.10.3-2021.10.win32_1.0.0.202111181127/tools/bin/../lib/gcc/arm-none-eabi/10.3.1/thumb/v7-m/nofp/crtbegin.o
                0x000000002000018c                . = ALIGN (0x4)

.bss            0x000000002000018c      0x1c0 load address 0x0000000008043d28
                0x000000002000018c                _sbss = .
                0x000000002000018c                __bss_start__ = _sbss
 *(.bss)
 .bss           0x000000002000018c       0x1c d:/ust_courses/year_3_23-24_-_fall_sem/elec3300/stm32cubeide_1.9.0/stm32cubeide/plugins/com.st.stm32cube.ide.mcu.externaltools.gnu-tools-for-stm32.10.3-2021.10.win32_1.0.0.202111181127/tools/bin/../lib/gcc/arm-none-eabi/10.3.1/thumb/v7-m/nofp/crtbegin.o
 *(.bss*)
 .bss.htim1     0x00000000200001a8       0x48 ./Core/Src/main.o
                0x00000000200001a8                htim1
 .bss.htim3     0x00000000200001f0       0x48 ./Core/Src/main.o
                0x00000000200001f0                htim3
 .bss.htim4     0x0000000020000238       0x48 ./Core/Src/main.o
                0x0000000020000238                htim4
 .bss.huart1    0x0000000020000280       0x44 ./Core/Src/main.o
                0x0000000020000280                huart1
 .bss.hsram1    0x00000000200002c4       0x48 ./Core/Src/main.o
                0x00000000200002c4                hsram1
 .bss.Ov7725_vsync
                0x000000002000030c        0x1 ./Core/Src/main.o
                0x000000002000030c                Ov7725_vsync
 *fill*         0x000000002000030d        0x3 
 .bss.fanspeed  0x0000000020000310        0x4 ./Core/Src/main.o
                0x0000000020000310                fanspeed
 .bss.i         0x0000000020000314        0x2 ./Core/Src/main.o
                0x0000000020000314                i
 .bss.j         0x0000000020000316        0x2 ./Core/Src/main.o
                0x0000000020000316                j
 .bss.Camera_Data
                0x0000000020000318        0x2 ./Core/Src/main.o
                0x0000000020000318                Camera_Data
 .bss.color1    0x000000002000031a        0x1 ./Core/Src/main.o
                0x000000002000031a                color1
 .bss.color2    0x000000002000031b        0x1 ./Core/Src/main.o
                0x000000002000031b                color2
 .bss.message   0x000000002000031c        0x2 ./Core/Src/main.o
                0x000000002000031c                message
 .bss.Distance  0x000000002000031e        0x2 ./Core/Src/main.o
                0x000000002000031e                Distance
 .bss.pMillis   0x0000000020000320        0x4 ./Core/Src/main.o
                0x0000000020000320                pMillis
 .bss.Value1    0x0000000020000324        0x4 ./Core/Src/main.o
                0x0000000020000324                Value1
 .bss.Value2    0x0000000020000328        0x4 ./Core/Src/main.o
                0x0000000020000328                Value2
 .bss.FSMC_Initialized
                0x000000002000032c        0x4 ./Core/Src/stm32f1xx_hal_msp.o
 .bss.__sbrk_heap_end
                0x0000000020000330        0x4 ./Core/Src/sysmem.o
 .bss.ucXPT2046_TouchFlag
                0x0000000020000334        0x1 ./Core/Src/xpt2046.o
                0x0000000020000334                ucXPT2046_TouchFlag
 *fill*         0x0000000020000335        0x3 
 .bss.uwTick    0x0000000020000338        0x4 ./Drivers/STM32F1xx_HAL_Driver/Src/stm32f1xx_hal.o
                0x0000000020000338                uwTick
 .bss.errno     0x000000002000033c        0x4 d:/ust_courses/year_3_23-24_-_fall_sem/elec3300/stm32cubeide_1.9.0/stm32cubeide/plugins/com.st.stm32cube.ide.mcu.externaltools.gnu-tools-for-stm32.10.3-2021.10.win32_1.0.0.202111181127/tools/bin/../lib/gcc/arm-none-eabi/10.3.1/../../../../arm-none-eabi/lib/thumb/v7-m/nofp\libc_nano.a(lib_a-reent.o)
                0x000000002000033c                errno
 .bss.__lock___malloc_recursive_mutex
                0x0000000020000340        0x1 d:/ust_courses/year_3_23-24_-_fall_sem/elec3300/stm32cubeide_1.9.0/stm32cubeide/plugins/com.st.stm32cube.ide.mcu.externaltools.gnu-tools-for-stm32.10.3-2021.10.win32_1.0.0.202111181127/tools/bin/../lib/gcc/arm-none-eabi/10.3.1/../../../../arm-none-eabi/lib/thumb/v7-m/nofp\libc_nano.a(lib_a-lock.o)
                0x0000000020000340                __lock___malloc_recursive_mutex
 *fill*         0x0000000020000341        0x3 
 .bss.__malloc_free_list
                0x0000000020000344        0x4 d:/ust_courses/year_3_23-24_-_fall_sem/elec3300/stm32cubeide_1.9.0/stm32cubeide/plugins/com.st.stm32cube.ide.mcu.externaltools.gnu-tools-for-stm32.10.3-2021.10.win32_1.0.0.202111181127/tools/bin/../lib/gcc/arm-none-eabi/10.3.1/../../../../arm-none-eabi/lib/thumb/v7-m/nofp\libc_nano.a(lib_a-nano-mallocr.o)
                0x0000000020000344                __malloc_free_list
 .bss.__malloc_sbrk_start
                0x0000000020000348        0x4 d:/ust_courses/year_3_23-24_-_fall_sem/elec3300/stm32cubeide_1.9.0/stm32cubeide/plugins/com.st.stm32cube.ide.mcu.externaltools.gnu-tools-for-stm32.10.3-2021.10.win32_1.0.0.202111181127/tools/bin/../lib/gcc/arm-none-eabi/10.3.1/../../../../arm-none-eabi/lib/thumb/v7-m/nofp\libc_nano.a(lib_a-nano-mallocr.o)
                0x0000000020000348                __malloc_sbrk_start
 *(COMMON)
                0x000000002000034c                . = ALIGN (0x4)
                0x000000002000034c                _ebss = .
                0x000000002000034c                __bss_end__ = _ebss

._user_heap_stack
                0x000000002000034c      0x604 load address 0x0000000008043d28
                0x0000000020000350                . = ALIGN (0x8)
 *fill*         0x000000002000034c        0x4 
                [!provide]                        PROVIDE (end = .)
                0x0000000020000350                PROVIDE (_end = .)
                0x0000000020000550                . = (. + _Min_Heap_Size)
 *fill*         0x0000000020000350      0x200 
                0x0000000020000950                . = (. + _Min_Stack_Size)
 *fill*         0x0000000020000550      0x400 
                0x0000000020000950                . = ALIGN (0x8)

/DISCARD/
 libc.a(*)
 libm.a(*)
 libgcc.a(*)

.ARM.attributes
                0x0000000000000000       0x29
 *(.ARM.attributes)
 .ARM.attributes
                0x0000000000000000       0x1d d:/ust_courses/year_3_23-24_-_fall_sem/elec3300/stm32cubeide_1.9.0/stm32cubeide/plugins/com.st.stm32cube.ide.mcu.externaltools.gnu-tools-for-stm32.10.3-2021.10.win32_1.0.0.202111181127/tools/bin/../lib/gcc/arm-none-eabi/10.3.1/thumb/v7-m/nofp/crti.o
 .ARM.attributes
                0x000000000000001d       0x2d d:/ust_courses/year_3_23-24_-_fall_sem/elec3300/stm32cubeide_1.9.0/stm32cubeide/plugins/com.st.stm32cube.ide.mcu.externaltools.gnu-tools-for-stm32.10.3-2021.10.win32_1.0.0.202111181127/tools/bin/../lib/gcc/arm-none-eabi/10.3.1/thumb/v7-m/nofp/crtbegin.o
 .ARM.attributes
                0x000000000000004a       0x2d ./Core/Src/bsp_ov7725.o
 .ARM.attributes
                0x0000000000000077       0x2d ./Core/Src/bsp_sccb.o
 .ARM.attributes
                0x00000000000000a4       0x2d ./Core/Src/lcd.o
 .ARM.attributes
                0x00000000000000d1       0x2d ./Core/Src/main.o
 .ARM.attributes
                0x00000000000000fe       0x2d ./Core/Src/stm32f1xx_hal_msp.o
 .ARM.attributes
                0x000000000000012b       0x2d ./Core/Src/stm32f1xx_it.o
 .ARM.attributes
                0x0000000000000158       0x2d ./Core/Src/sysmem.o
 .ARM.attributes
                0x0000000000000185       0x2d ./Core/Src/system_stm32f1xx.o
 .ARM.attributes
                0x00000000000001b2       0x2d ./Core/Src/xpt2046.o
 .ARM.attributes
                0x00000000000001df       0x21 ./Core/Startup/startup_stm32f103vetx.o
 .ARM.attributes
                0x0000000000000200       0x2d ./Drivers/STM32F1xx_HAL_Driver/Src/stm32f1xx_hal.o
 .ARM.attributes
                0x000000000000022d       0x2d ./Drivers/STM32F1xx_HAL_Driver/Src/stm32f1xx_hal_cortex.o
 .ARM.attributes
                0x000000000000025a       0x2d ./Drivers/STM32F1xx_HAL_Driver/Src/stm32f1xx_hal_gpio.o
 .ARM.attributes
                0x0000000000000287       0x2d ./Drivers/STM32F1xx_HAL_Driver/Src/stm32f1xx_hal_rcc.o
 .ARM.attributes
                0x00000000000002b4       0x2d ./Drivers/STM32F1xx_HAL_Driver/Src/stm32f1xx_hal_sram.o
 .ARM.attributes
                0x00000000000002e1       0x2d ./Drivers/STM32F1xx_HAL_Driver/Src/stm32f1xx_hal_tim.o
 .ARM.attributes
                0x000000000000030e       0x2d ./Drivers/STM32F1xx_HAL_Driver/Src/stm32f1xx_hal_tim_ex.o
 .ARM.attributes
                0x000000000000033b       0x2d ./Drivers/STM32F1xx_HAL_Driver/Src/stm32f1xx_hal_uart.o
 .ARM.attributes
                0x0000000000000368       0x2d ./Drivers/STM32F1xx_HAL_Driver/Src/stm32f1xx_ll_fsmc.o
 .ARM.attributes
                0x0000000000000395       0x2d d:/ust_courses/year_3_23-24_-_fall_sem/elec3300/stm32cubeide_1.9.0/stm32cubeide/plugins/com.st.stm32cube.ide.mcu.externaltools.gnu-tools-for-stm32.10.3-2021.10.win32_1.0.0.202111181127/tools/bin/../lib/gcc/arm-none-eabi/10.3.1/../../../../arm-none-eabi/lib/thumb/v7-m/nofp\libc_nano.a(lib_a-errno.o)
 .ARM.attributes
                0x00000000000003c2       0x2d d:/ust_courses/year_3_23-24_-_fall_sem/elec3300/stm32cubeide_1.9.0/stm32cubeide/plugins/com.st.stm32cube.ide.mcu.externaltools.gnu-tools-for-stm32.10.3-2021.10.win32_1.0.0.202111181127/tools/bin/../lib/gcc/arm-none-eabi/10.3.1/../../../../arm-none-eabi/lib/thumb/v7-m/nofp\libc_nano.a(lib_a-impure.o)
 .ARM.attributes
                0x00000000000003ef       0x2d d:/ust_courses/year_3_23-24_-_fall_sem/elec3300/stm32cubeide_1.9.0/stm32cubeide/plugins/com.st.stm32cube.ide.mcu.externaltools.gnu-tools-for-stm32.10.3-2021.10.win32_1.0.0.202111181127/tools/bin/../lib/gcc/arm-none-eabi/10.3.1/../../../../arm-none-eabi/lib/thumb/v7-m/nofp\libc_nano.a(lib_a-init.o)
 .ARM.attributes
                0x000000000000041c       0x2d d:/ust_courses/year_3_23-24_-_fall_sem/elec3300/stm32cubeide_1.9.0/stm32cubeide/plugins/com.st.stm32cube.ide.mcu.externaltools.gnu-tools-for-stm32.10.3-2021.10.win32_1.0.0.202111181127/tools/bin/../lib/gcc/arm-none-eabi/10.3.1/../../../../arm-none-eabi/lib/thumb/v7-m/nofp\libc_nano.a(lib_a-memset.o)
 .ARM.attributes
                0x0000000000000449       0x2d d:/ust_courses/year_3_23-24_-_fall_sem/elec3300/stm32cubeide_1.9.0/stm32cubeide/plugins/com.st.stm32cube.ide.mcu.externaltools.gnu-tools-for-stm32.10.3-2021.10.win32_1.0.0.202111181127/tools/bin/../lib/gcc/arm-none-eabi/10.3.1/../../../../arm-none-eabi/lib/thumb/v7-m/nofp\libc_nano.a(lib_a-sscanf.o)
 .ARM.attributes
                0x0000000000000476       0x2d d:/ust_courses/year_3_23-24_-_fall_sem/elec3300/stm32cubeide_1.9.0/stm32cubeide/plugins/com.st.stm32cube.ide.mcu.externaltools.gnu-tools-for-stm32.10.3-2021.10.win32_1.0.0.202111181127/tools/bin/../lib/gcc/arm-none-eabi/10.3.1/../../../../arm-none-eabi/lib/thumb/v7-m/nofp\libc_nano.a(lib_a-stdio.o)
 .ARM.attributes
                0x00000000000004a3       0x17 d:/ust_courses/year_3_23-24_-_fall_sem/elec3300/stm32cubeide_1.9.0/stm32cubeide/plugins/com.st.stm32cube.ide.mcu.externaltools.gnu-tools-for-stm32.10.3-2021.10.win32_1.0.0.202111181127/tools/bin/../lib/gcc/arm-none-eabi/10.3.1/../../../../arm-none-eabi/lib/thumb/v7-m/nofp\libc_nano.a(lib_a-strlen.o)
 .ARM.attributes
                0x00000000000004ba       0x2d d:/ust_courses/year_3_23-24_-_fall_sem/elec3300/stm32cubeide_1.9.0/stm32cubeide/plugins/com.st.stm32cube.ide.mcu.externaltools.gnu-tools-for-stm32.10.3-2021.10.win32_1.0.0.202111181127/tools/bin/../lib/gcc/arm-none-eabi/10.3.1/../../../../arm-none-eabi/lib/thumb/v7-m/nofp\libc_nano.a(lib_a-nano-svfscanf.o)
 .ARM.attributes
                0x00000000000004e7       0x2d d:/ust_courses/year_3_23-24_-_fall_sem/elec3300/stm32cubeide_1.9.0/stm32cubeide/plugins/com.st.stm32cube.ide.mcu.externaltools.gnu-tools-for-stm32.10.3-2021.10.win32_1.0.0.202111181127/tools/bin/../lib/gcc/arm-none-eabi/10.3.1/../../../../arm-none-eabi/lib/thumb/v7-m/nofp\libc_nano.a(lib_a-nano-vfscanf_i.o)
 .ARM.attributes
                0x0000000000000514       0x2d d:/ust_courses/year_3_23-24_-_fall_sem/elec3300/stm32cubeide_1.9.0/stm32cubeide/plugins/com.st.stm32cube.ide.mcu.externaltools.gnu-tools-for-stm32.10.3-2021.10.win32_1.0.0.202111181127/tools/bin/../lib/gcc/arm-none-eabi/10.3.1/../../../../arm-none-eabi/lib/thumb/v7-m/nofp\libc_nano.a(lib_a-reent.o)
 .ARM.attributes
                0x0000000000000541       0x2d d:/ust_courses/year_3_23-24_-_fall_sem/elec3300/stm32cubeide_1.9.0/stm32cubeide/plugins/com.st.stm32cube.ide.mcu.externaltools.gnu-tools-for-stm32.10.3-2021.10.win32_1.0.0.202111181127/tools/bin/../lib/gcc/arm-none-eabi/10.3.1/../../../../arm-none-eabi/lib/thumb/v7-m/nofp\libc_nano.a(lib_a-sccl.o)
 .ARM.attributes
                0x000000000000056e       0x2d d:/ust_courses/year_3_23-24_-_fall_sem/elec3300/stm32cubeide_1.9.0/stm32cubeide/plugins/com.st.stm32cube.ide.mcu.externaltools.gnu-tools-for-stm32.10.3-2021.10.win32_1.0.0.202111181127/tools/bin/../lib/gcc/arm-none-eabi/10.3.1/../../../../arm-none-eabi/lib/thumb/v7-m/nofp\libc_nano.a(lib_a-strtol.o)
 .ARM.attributes
                0x000000000000059b       0x2d d:/ust_courses/year_3_23-24_-_fall_sem/elec3300/stm32cubeide_1.9.0/stm32cubeide/plugins/com.st.stm32cube.ide.mcu.externaltools.gnu-tools-for-stm32.10.3-2021.10.win32_1.0.0.202111181127/tools/bin/../lib/gcc/arm-none-eabi/10.3.1/../../../../arm-none-eabi/lib/thumb/v7-m/nofp\libc_nano.a(lib_a-strtoul.o)
 .ARM.attributes
                0x00000000000005c8       0x2d d:/ust_courses/year_3_23-24_-_fall_sem/elec3300/stm32cubeide_1.9.0/stm32cubeide/plugins/com.st.stm32cube.ide.mcu.externaltools.gnu-tools-for-stm32.10.3-2021.10.win32_1.0.0.202111181127/tools/bin/../lib/gcc/arm-none-eabi/10.3.1/../../../../arm-none-eabi/lib/thumb/v7-m/nofp\libc_nano.a(lib_a-ungetc.o)
 .ARM.attributes
                0x00000000000005f5       0x2d d:/ust_courses/year_3_23-24_-_fall_sem/elec3300/stm32cubeide_1.9.0/stm32cubeide/plugins/com.st.stm32cube.ide.mcu.externaltools.gnu-tools-for-stm32.10.3-2021.10.win32_1.0.0.202111181127/tools/bin/../lib/gcc/arm-none-eabi/10.3.1/../../../../arm-none-eabi/lib/thumb/v7-m/nofp\libc_nano.a(lib_a-ctype_.o)
 .ARM.attributes
                0x0000000000000622       0x2d d:/ust_courses/year_3_23-24_-_fall_sem/elec3300/stm32cubeide_1.9.0/stm32cubeide/plugins/com.st.stm32cube.ide.mcu.externaltools.gnu-tools-for-stm32.10.3-2021.10.win32_1.0.0.202111181127/tools/bin/../lib/gcc/arm-none-eabi/10.3.1/../../../../arm-none-eabi/lib/thumb/v7-m/nofp\libc_nano.a(lib_a-findfp.o)
 .ARM.attributes
                0x000000000000064f       0x2d d:/ust_courses/year_3_23-24_-_fall_sem/elec3300/stm32cubeide_1.9.0/stm32cubeide/plugins/com.st.stm32cube.ide.mcu.externaltools.gnu-tools-for-stm32.10.3-2021.10.win32_1.0.0.202111181127/tools/bin/../lib/gcc/arm-none-eabi/10.3.1/../../../../arm-none-eabi/lib/thumb/v7-m/nofp\libc_nano.a(lib_a-lock.o)
 .ARM.attributes
                0x000000000000067c       0x2d d:/ust_courses/year_3_23-24_-_fall_sem/elec3300/stm32cubeide_1.9.0/stm32cubeide/plugins/com.st.stm32cube.ide.mcu.externaltools.gnu-tools-for-stm32.10.3-2021.10.win32_1.0.0.202111181127/tools/bin/../lib/gcc/arm-none-eabi/10.3.1/../../../../arm-none-eabi/lib/thumb/v7-m/nofp\libc_nano.a(lib_a-memchr-stub.o)
 .ARM.attributes
                0x00000000000006a9       0x2d d:/ust_courses/year_3_23-24_-_fall_sem/elec3300/stm32cubeide_1.9.0/stm32cubeide/plugins/com.st.stm32cube.ide.mcu.externaltools.gnu-tools-for-stm32.10.3-2021.10.win32_1.0.0.202111181127/tools/bin/../lib/gcc/arm-none-eabi/10.3.1/../../../../arm-none-eabi/lib/thumb/v7-m/nofp\libc_nano.a(lib_a-memcpy-stub.o)
 .ARM.attributes
                0x00000000000006d6       0x2d d:/ust_courses/year_3_23-24_-_fall_sem/elec3300/stm32cubeide_1.9.0/stm32cubeide/plugins/com.st.stm32cube.ide.mcu.externaltools.gnu-tools-for-stm32.10.3-2021.10.win32_1.0.0.202111181127/tools/bin/../lib/gcc/arm-none-eabi/10.3.1/../../../../arm-none-eabi/lib/thumb/v7-m/nofp\libc_nano.a(lib_a-nano-freer.o)
 .ARM.attributes
                0x0000000000000703       0x2d d:/ust_courses/year_3_23-24_-_fall_sem/elec3300/stm32cubeide_1.9.0/stm32cubeide/plugins/com.st.stm32cube.ide.mcu.externaltools.gnu-tools-for-stm32.10.3-2021.10.win32_1.0.0.202111181127/tools/bin/../lib/gcc/arm-none-eabi/10.3.1/../../../../arm-none-eabi/lib/thumb/v7-m/nofp\libc_nano.a(lib_a-nano-mallocr.o)
 .ARM.attributes
                0x0000000000000730       0x2d d:/ust_courses/year_3_23-24_-_fall_sem/elec3300/stm32cubeide_1.9.0/stm32cubeide/plugins/com.st.stm32cube.ide.mcu.externaltools.gnu-tools-for-stm32.10.3-2021.10.win32_1.0.0.202111181127/tools/bin/../lib/gcc/arm-none-eabi/10.3.1/../../../../arm-none-eabi/lib/thumb/v7-m/nofp\libc_nano.a(lib_a-nano-reallocr.o)
 .ARM.attributes
                0x000000000000075d       0x2d d:/ust_courses/year_3_23-24_-_fall_sem/elec3300/stm32cubeide_1.9.0/stm32cubeide/plugins/com.st.stm32cube.ide.mcu.externaltools.gnu-tools-for-stm32.10.3-2021.10.win32_1.0.0.202111181127/tools/bin/../lib/gcc/arm-none-eabi/10.3.1/../../../../arm-none-eabi/lib/thumb/v7-m/nofp\libc_nano.a(lib_a-sbrkr.o)
 .ARM.attributes
                0x000000000000078a       0x2d d:/ust_courses/year_3_23-24_-_fall_sem/elec3300/stm32cubeide_1.9.0/stm32cubeide/plugins/com.st.stm32cube.ide.mcu.externaltools.gnu-tools-for-stm32.10.3-2021.10.win32_1.0.0.202111181127/tools/bin/../lib/gcc/arm-none-eabi/10.3.1/../../../../arm-none-eabi/lib/thumb/v7-m/nofp\libc_nano.a(lib_a-mlock.o)
 .ARM.attributes
                0x00000000000007b7       0x2d d:/ust_courses/year_3_23-24_-_fall_sem/elec3300/stm32cubeide_1.9.0/stm32cubeide/plugins/com.st.stm32cube.ide.mcu.externaltools.gnu-tools-for-stm32.10.3-2021.10.win32_1.0.0.202111181127/tools/bin/../lib/gcc/arm-none-eabi/10.3.1/../../../../arm-none-eabi/lib/thumb/v7-m/nofp\libc_nano.a(lib_a-nano-msizer.o)
 .ARM.attributes
                0x00000000000007e4       0x1d d:/ust_courses/year_3_23-24_-_fall_sem/elec3300/stm32cubeide_1.9.0/stm32cubeide/plugins/com.st.stm32cube.ide.mcu.externaltools.gnu-tools-for-stm32.10.3-2021.10.win32_1.0.0.202111181127/tools/bin/../lib/gcc/arm-none-eabi/10.3.1/thumb/v7-m/nofp\libgcc.a(_arm_addsubdf3.o)
 .ARM.attributes
                0x0000000000000801       0x1d d:/ust_courses/year_3_23-24_-_fall_sem/elec3300/stm32cubeide_1.9.0/stm32cubeide/plugins/com.st.stm32cube.ide.mcu.externaltools.gnu-tools-for-stm32.10.3-2021.10.win32_1.0.0.202111181127/tools/bin/../lib/gcc/arm-none-eabi/10.3.1/thumb/v7-m/nofp\libgcc.a(_arm_muldivdf3.o)
 .ARM.attributes
                0x000000000000081e       0x1d d:/ust_courses/year_3_23-24_-_fall_sem/elec3300/stm32cubeide_1.9.0/stm32cubeide/plugins/com.st.stm32cube.ide.mcu.externaltools.gnu-tools-for-stm32.10.3-2021.10.win32_1.0.0.202111181127/tools/bin/../lib/gcc/arm-none-eabi/10.3.1/thumb/v7-m/nofp\libgcc.a(_arm_cmpdf2.o)
 .ARM.attributes
                0x000000000000083b       0x1d d:/ust_courses/year_3_23-24_-_fall_sem/elec3300/stm32cubeide_1.9.0/stm32cubeide/plugins/com.st.stm32cube.ide.mcu.externaltools.gnu-tools-for-stm32.10.3-2021.10.win32_1.0.0.202111181127/tools/bin/../lib/gcc/arm-none-eabi/10.3.1/thumb/v7-m/nofp\libgcc.a(_arm_fixdfsi.o)
 .ARM.attributes
                0x0000000000000858       0x1d d:/ust_courses/year_3_23-24_-_fall_sem/elec3300/stm32cubeide_1.9.0/stm32cubeide/plugins/com.st.stm32cube.ide.mcu.externaltools.gnu-tools-for-stm32.10.3-2021.10.win32_1.0.0.202111181127/tools/bin/../lib/gcc/arm-none-eabi/10.3.1/thumb/v7-m/nofp\libgcc.a(_arm_fixunsdfsi.o)
 .ARM.attributes
                0x0000000000000875       0x1d d:/ust_courses/year_3_23-24_-_fall_sem/elec3300/stm32cubeide_1.9.0/stm32cubeide/plugins/com.st.stm32cube.ide.mcu.externaltools.gnu-tools-for-stm32.10.3-2021.10.win32_1.0.0.202111181127/tools/bin/../lib/gcc/arm-none-eabi/10.3.1/thumb/v7-m/nofp/crtn.o
OUTPUT(project.elf elf32-littlearm)
LOAD linker stubs
LOAD d:/ust_courses/year_3_23-24_-_fall_sem/elec3300/stm32cubeide_1.9.0/stm32cubeide/plugins/com.st.stm32cube.ide.mcu.externaltools.gnu-tools-for-stm32.10.3-2021.10.win32_1.0.0.202111181127/tools/bin/../lib/gcc/arm-none-eabi/10.3.1/../../../../arm-none-eabi/lib/thumb/v7-m/nofp\libc.a
LOAD d:/ust_courses/year_3_23-24_-_fall_sem/elec3300/stm32cubeide_1.9.0/stm32cubeide/plugins/com.st.stm32cube.ide.mcu.externaltools.gnu-tools-for-stm32.10.3-2021.10.win32_1.0.0.202111181127/tools/bin/../lib/gcc/arm-none-eabi/10.3.1/../../../../arm-none-eabi/lib/thumb/v7-m/nofp\libm.a
LOAD d:/ust_courses/year_3_23-24_-_fall_sem/elec3300/stm32cubeide_1.9.0/stm32cubeide/plugins/com.st.stm32cube.ide.mcu.externaltools.gnu-tools-for-stm32.10.3-2021.10.win32_1.0.0.202111181127/tools/bin/../lib/gcc/arm-none-eabi/10.3.1/thumb/v7-m/nofp\libgcc.a

.debug_info     0x0000000000000000     0xd764
 .debug_info    0x0000000000000000      0x1aa ./Core/Src/bsp_ov7725.o
 .debug_info    0x00000000000001aa      0x314 ./Core/Src/bsp_sccb.o
 .debug_info    0x00000000000004be      0xf1c ./Core/Src/lcd.o
 .debug_info    0x00000000000013da     0x1953 ./Core/Src/main.o
 .debug_info    0x0000000000002d2d      0xf54 ./Core/Src/stm32f1xx_hal_msp.o
 .debug_info    0x0000000000003c81      0x331 ./Core/Src/stm32f1xx_it.o
 .debug_info    0x0000000000003fb2      0x171 ./Core/Src/sysmem.o
 .debug_info    0x0000000000004123      0x23d ./Core/Src/system_stm32f1xx.o
 .debug_info    0x0000000000004360      0x621 ./Core/Src/xpt2046.o
 .debug_info    0x0000000000004981       0x22 ./Core/Startup/startup_stm32f103vetx.o
 .debug_info    0x00000000000049a3      0x79a ./Drivers/STM32F1xx_HAL_Driver/Src/stm32f1xx_hal.o
 .debug_info    0x000000000000513d      0xb86 ./Drivers/STM32F1xx_HAL_Driver/Src/stm32f1xx_hal_cortex.o
 .debug_info    0x0000000000005cc3      0x615 ./Drivers/STM32F1xx_HAL_Driver/Src/stm32f1xx_hal_gpio.o
 .debug_info    0x00000000000062d8      0x860 ./Drivers/STM32F1xx_HAL_Driver/Src/stm32f1xx_hal_rcc.o
 .debug_info    0x0000000000006b38      0xd5b ./Drivers/STM32F1xx_HAL_Driver/Src/stm32f1xx_hal_sram.o
 .debug_info    0x0000000000007893     0x29de ./Drivers/STM32F1xx_HAL_Driver/Src/stm32f1xx_hal_tim.o
 .debug_info    0x000000000000a271     0x1513 ./Drivers/STM32F1xx_HAL_Driver/Src/stm32f1xx_hal_tim_ex.o
 .debug_info    0x000000000000b784     0x15d8 ./Drivers/STM32F1xx_HAL_Driver/Src/stm32f1xx_hal_uart.o
 .debug_info    0x000000000000cd5c      0xa08 ./Drivers/STM32F1xx_HAL_Driver/Src/stm32f1xx_ll_fsmc.o

.debug_abbrev   0x0000000000000000     0x245d
 .debug_abbrev  0x0000000000000000      0x104 ./Core/Src/bsp_ov7725.o
 .debug_abbrev  0x0000000000000104      0x197 ./Core/Src/bsp_sccb.o
 .debug_abbrev  0x000000000000029b      0x263 ./Core/Src/lcd.o
 .debug_abbrev  0x00000000000004fe      0x387 ./Core/Src/main.o
 .debug_abbrev  0x0000000000000885      0x233 ./Core/Src/stm32f1xx_hal_msp.o
 .debug_abbrev  0x0000000000000ab8      0x173 ./Core/Src/stm32f1xx_it.o
 .debug_abbrev  0x0000000000000c2b       0xbb ./Core/Src/sysmem.o
 .debug_abbrev  0x0000000000000ce6      0x13b ./Core/Src/system_stm32f1xx.o
 .debug_abbrev  0x0000000000000e21      0x217 ./Core/Src/xpt2046.o
 .debug_abbrev  0x0000000000001038       0x12 ./Core/Startup/startup_stm32f103vetx.o
 .debug_abbrev  0x000000000000104a      0x1fb ./Drivers/STM32F1xx_HAL_Driver/Src/stm32f1xx_hal.o
 .debug_abbrev  0x0000000000001245      0x2ed ./Drivers/STM32F1xx_HAL_Driver/Src/stm32f1xx_hal_cortex.o
 .debug_abbrev  0x0000000000001532      0x1bb ./Drivers/STM32F1xx_HAL_Driver/Src/stm32f1xx_hal_gpio.o
 .debug_abbrev  0x00000000000016ed      0x2a8 ./Drivers/STM32F1xx_HAL_Driver/Src/stm32f1xx_hal_rcc.o
 .debug_abbrev  0x0000000000001995      0x1f8 ./Drivers/STM32F1xx_HAL_Driver/Src/stm32f1xx_hal_sram.o
 .debug_abbrev  0x0000000000001b8d      0x25d ./Drivers/STM32F1xx_HAL_Driver/Src/stm32f1xx_hal_tim.o
 .debug_abbrev  0x0000000000001dea      0x265 ./Drivers/STM32F1xx_HAL_Driver/Src/stm32f1xx_hal_tim_ex.o
 .debug_abbrev  0x000000000000204f      0x278 ./Drivers/STM32F1xx_HAL_Driver/Src/stm32f1xx_hal_uart.o
 .debug_abbrev  0x00000000000022c7      0x196 ./Drivers/STM32F1xx_HAL_Driver/Src/stm32f1xx_ll_fsmc.o

.debug_aranges  0x0000000000000000      0xf60
 .debug_aranges
                0x0000000000000000       0x20 ./Core/Src/bsp_ov7725.o
 .debug_aranges
                0x0000000000000020       0x68 ./Core/Src/bsp_sccb.o
 .debug_aranges
                0x0000000000000088      0x130 ./Core/Src/lcd.o
 .debug_aranges
                0x00000000000001b8       0x90 ./Core/Src/main.o
 .debug_aranges
                0x0000000000000248       0x68 ./Core/Src/stm32f1xx_hal_msp.o
 .debug_aranges
                0x00000000000002b0       0x88 ./Core/Src/stm32f1xx_it.o
 .debug_aranges
                0x0000000000000338       0x20 ./Core/Src/sysmem.o
 .debug_aranges
                0x0000000000000358       0x28 ./Core/Src/system_stm32f1xx.o
 .debug_aranges
                0x0000000000000380       0x58 ./Core/Src/xpt2046.o
 .debug_aranges
                0x00000000000003d8       0x28 ./Core/Startup/startup_stm32f103vetx.o
 .debug_aranges
                0x0000000000000400       0xe0 ./Drivers/STM32F1xx_HAL_Driver/Src/stm32f1xx_hal.o
 .debug_aranges
                0x00000000000004e0      0x100 ./Drivers/STM32F1xx_HAL_Driver/Src/stm32f1xx_hal_cortex.o
 .debug_aranges
                0x00000000000005e0       0x58 ./Drivers/STM32F1xx_HAL_Driver/Src/stm32f1xx_hal_gpio.o
 .debug_aranges
                0x0000000000000638       0x90 ./Drivers/STM32F1xx_HAL_Driver/Src/stm32f1xx_hal_rcc.o
 .debug_aranges
                0x00000000000006c8       0xb8 ./Drivers/STM32F1xx_HAL_Driver/Src/stm32f1xx_hal_sram.o
 .debug_aranges
                0x0000000000000780      0x3d0 ./Drivers/STM32F1xx_HAL_Driver/Src/stm32f1xx_hal_tim.o
 .debug_aranges
                0x0000000000000b50      0x168 ./Drivers/STM32F1xx_HAL_Driver/Src/stm32f1xx_hal_tim_ex.o
 .debug_aranges
                0x0000000000000cb8      0x200 ./Drivers/STM32F1xx_HAL_Driver/Src/stm32f1xx_hal_uart.o
 .debug_aranges
                0x0000000000000eb8       0xa8 ./Drivers/STM32F1xx_HAL_Driver/Src/stm32f1xx_ll_fsmc.o

.debug_ranges   0x0000000000000000      0xe68
 .debug_ranges  0x0000000000000000       0x10 ./Core/Src/bsp_ov7725.o
 .debug_ranges  0x0000000000000010       0x58 ./Core/Src/bsp_sccb.o
 .debug_ranges  0x0000000000000068      0x120 ./Core/Src/lcd.o
 .debug_ranges  0x0000000000000188       0x80 ./Core/Src/main.o
 .debug_ranges  0x0000000000000208       0x58 ./Core/Src/stm32f1xx_hal_msp.o
 .debug_ranges  0x0000000000000260       0x78 ./Core/Src/stm32f1xx_it.o
 .debug_ranges  0x00000000000002d8       0x10 ./Core/Src/sysmem.o
 .debug_ranges  0x00000000000002e8       0x18 ./Core/Src/system_stm32f1xx.o
 .debug_ranges  0x0000000000000300       0x48 ./Core/Src/xpt2046.o
 .debug_ranges  0x0000000000000348       0x20 ./Core/Startup/startup_stm32f103vetx.o
 .debug_ranges  0x0000000000000368       0xd0 ./Drivers/STM32F1xx_HAL_Driver/Src/stm32f1xx_hal.o
 .debug_ranges  0x0000000000000438       0xf0 ./Drivers/STM32F1xx_HAL_Driver/Src/stm32f1xx_hal_cortex.o
 .debug_ranges  0x0000000000000528       0x48 ./Drivers/STM32F1xx_HAL_Driver/Src/stm32f1xx_hal_gpio.o
 .debug_ranges  0x0000000000000570       0x80 ./Drivers/STM32F1xx_HAL_Driver/Src/stm32f1xx_hal_rcc.o
 .debug_ranges  0x00000000000005f0       0xa8 ./Drivers/STM32F1xx_HAL_Driver/Src/stm32f1xx_hal_sram.o
 .debug_ranges  0x0000000000000698      0x3c0 ./Drivers/STM32F1xx_HAL_Driver/Src/stm32f1xx_hal_tim.o
 .debug_ranges  0x0000000000000a58      0x158 ./Drivers/STM32F1xx_HAL_Driver/Src/stm32f1xx_hal_tim_ex.o
 .debug_ranges  0x0000000000000bb0      0x220 ./Drivers/STM32F1xx_HAL_Driver/Src/stm32f1xx_hal_uart.o
 .debug_ranges  0x0000000000000dd0       0x98 ./Drivers/STM32F1xx_HAL_Driver/Src/stm32f1xx_ll_fsmc.o

.debug_macro    0x0000000000000000    0x1b779
 .debug_macro   0x0000000000000000      0x1de ./Core/Src/bsp_ov7725.o
 .debug_macro   0x00000000000001de      0xa6c ./Core/Src/bsp_ov7725.o
 .debug_macro   0x0000000000000c4a      0x221 ./Core/Src/bsp_ov7725.o
 .debug_macro   0x0000000000000e6b       0x2e ./Core/Src/bsp_ov7725.o
 .debug_macro   0x0000000000000e99       0x22 ./Core/Src/bsp_ov7725.o
 .debug_macro   0x0000000000000ebb       0x22 ./Core/Src/bsp_ov7725.o
 .debug_macro   0x0000000000000edd       0x8e ./Core/Src/bsp_ov7725.o
 .debug_macro   0x0000000000000f6b       0x51 ./Core/Src/bsp_ov7725.o
 .debug_macro   0x0000000000000fbc      0x103 ./Core/Src/bsp_ov7725.o
 .debug_macro   0x00000000000010bf       0x6a ./Core/Src/bsp_ov7725.o
 .debug_macro   0x0000000000001129      0x1df ./Core/Src/bsp_ov7725.o
 .debug_macro   0x0000000000001308       0x1c ./Core/Src/bsp_ov7725.o
 .debug_macro   0x0000000000001324       0x22 ./Core/Src/bsp_ov7725.o
 .debug_macro   0x0000000000001346       0xbd ./Core/Src/bsp_ov7725.o
 .debug_macro   0x0000000000001403      0xd23 ./Core/Src/bsp_ov7725.o
 .debug_macro   0x0000000000002126     0xfd8c ./Core/Src/bsp_ov7725.o
 .debug_macro   0x0000000000011eb2       0x6d ./Core/Src/bsp_ov7725.o
 .debug_macro   0x0000000000011f1f     0x3468 ./Core/Src/bsp_ov7725.o
 .debug_macro   0x0000000000015387      0x174 ./Core/Src/bsp_ov7725.o
 .debug_macro   0x00000000000154fb       0x5c ./Core/Src/bsp_ov7725.o
 .debug_macro   0x0000000000015557      0x5be ./Core/Src/bsp_ov7725.o
 .debug_macro   0x0000000000015b15      0x4d5 ./Core/Src/bsp_ov7725.o
 .debug_macro   0x0000000000015fea      0x1cb ./Core/Src/bsp_ov7725.o
 .debug_macro   0x00000000000161b5      0x114 ./Core/Src/bsp_ov7725.o
 .debug_macro   0x00000000000162c9      0x1ea ./Core/Src/bsp_ov7725.o
 .debug_macro   0x00000000000164b3       0x27 ./Core/Src/bsp_ov7725.o
 .debug_macro   0x00000000000164da      0x144 ./Core/Src/bsp_ov7725.o
 .debug_macro   0x000000000001661e      0x1bc ./Core/Src/bsp_ov7725.o
 .debug_macro   0x00000000000167da       0x30 ./Core/Src/bsp_ov7725.o
 .debug_macro   0x000000000001680a       0x3c ./Core/Src/bsp_ov7725.o
 .debug_macro   0x0000000000016846       0x57 ./Core/Src/bsp_ov7725.o
 .debug_macro   0x000000000001689d       0x88 ./Core/Src/bsp_ov7725.o
 .debug_macro   0x0000000000016925      0x24f ./Core/Src/bsp_ov7725.o
 .debug_macro   0x0000000000016b74      0x356 ./Core/Src/bsp_ov7725.o
 .debug_macro   0x0000000000016eca      0x141 ./Core/Src/bsp_ov7725.o
 .debug_macro   0x000000000001700b      0x8d1 ./Core/Src/bsp_ov7725.o
 .debug_macro   0x00000000000178dc      0x279 ./Core/Src/bsp_ov7725.o
 .debug_macro   0x0000000000017b55       0xb5 ./Core/Src/bsp_ov7725.o
 .debug_macro   0x0000000000017c0a      0x3f1 ./Core/Src/bsp_ov7725.o
 .debug_macro   0x0000000000017ffb       0x34 ./Core/Src/bsp_ov7725.o
 .debug_macro   0x000000000001802f       0xd6 ./Core/Src/bsp_ov7725.o
 .debug_macro   0x0000000000018105      0x1d2 ./Core/Src/bsp_sccb.o
 .debug_macro   0x00000000000182d7       0x2e ./Core/Src/bsp_sccb.o
 .debug_macro   0x0000000000018305      0x1e0 ./Core/Src/lcd.o
 .debug_macro   0x00000000000184e5       0xd0 ./Core/Src/lcd.o
 .debug_macro   0x00000000000185b5      0x367 ./Core/Src/main.o
 .debug_macro   0x000000000001891c      0x118 ./Core/Src/main.o
 .debug_macro   0x0000000000018a34       0x58 ./Core/Src/main.o
 .debug_macro   0x0000000000018a8c      0x3f7 ./Core/Src/main.o
 .debug_macro   0x0000000000018e83       0x52 ./Core/Src/main.o
 .debug_macro   0x0000000000018ed5       0x18 ./Core/Src/main.o
 .debug_macro   0x0000000000018eed       0x3c ./Core/Src/main.o
 .debug_macro   0x0000000000018f29       0x34 ./Core/Src/main.o
 .debug_macro   0x0000000000018f5d       0x16 ./Core/Src/main.o
 .debug_macro   0x0000000000018f73       0x35 ./Core/Src/main.o
 .debug_macro   0x0000000000018fa8      0x341 ./Core/Src/main.o
 .debug_macro   0x00000000000192e9       0x10 ./Core/Src/main.o
 .debug_macro   0x00000000000192f9       0x16 ./Core/Src/main.o
 .debug_macro   0x000000000001930f       0x43 ./Core/Src/main.o
 .debug_macro   0x0000000000019352       0x34 ./Core/Src/main.o
 .debug_macro   0x0000000000019386       0x10 ./Core/Src/main.o
 .debug_macro   0x0000000000019396       0x58 ./Core/Src/main.o
 .debug_macro   0x00000000000193ee       0x71 ./Core/Src/main.o
 .debug_macro   0x000000000001945f       0x1c ./Core/Src/main.o